Component: ARM Compiler 5.06 update 6 (build 750) Tool: armlink [4d35ed]

==============================================================================

Section Cross References

    startup_stm32f427xx.o(STACK) refers (Special) to heapauxi.o(.text) for __use_two_region_memory
    startup_stm32f427xx.o(HEAP) refers (Special) to heapauxi.o(.text) for __use_two_region_memory
    startup_stm32f427xx.o(RESET) refers (Special) to heapauxi.o(.text) for __use_two_region_memory
    startup_stm32f427xx.o(RESET) refers to startup_stm32f427xx.o(STACK) for __initial_sp
    startup_stm32f427xx.o(RESET) refers to startup_stm32f427xx.o(.text) for Reset_Handler
    startup_stm32f427xx.o(RESET) refers to stm32f4xx_it.o(i.NMI_Handler) for NMI_Handler
    startup_stm32f427xx.o(RESET) refers to stm32f4xx_it.o(i.HardFault_Handler) for HardFault_Handler
    startup_stm32f427xx.o(RESET) refers to stm32f4xx_it.o(i.MemManage_Handler) for MemManage_Handler
    startup_stm32f427xx.o(RESET) refers to stm32f4xx_it.o(i.BusFault_Handler) for BusFault_Handler
    startup_stm32f427xx.o(RESET) refers to stm32f4xx_it.o(i.UsageFault_Handler) for UsageFault_Handler
    startup_stm32f427xx.o(RESET) refers to stm32f4xx_it.o(i.SVC_Handler) for SVC_Handler
    startup_stm32f427xx.o(RESET) refers to stm32f4xx_it.o(i.DebugMon_Handler) for DebugMon_Handler
    startup_stm32f427xx.o(RESET) refers to stm32f4xx_it.o(i.PendSV_Handler) for PendSV_Handler
    startup_stm32f427xx.o(RESET) refers to stm32f4xx_it.o(i.SysTick_Handler) for SysTick_Handler
    startup_stm32f427xx.o(RESET) refers to stm32f4xx_it.o(i.CAN1_TX_IRQHandler) for CAN1_TX_IRQHandler
    startup_stm32f427xx.o(RESET) refers to stm32f4xx_it.o(i.CAN1_RX0_IRQHandler) for CAN1_RX0_IRQHandler
    startup_stm32f427xx.o(RESET) refers to stm32f4xx_it.o(i.CAN1_RX1_IRQHandler) for CAN1_RX1_IRQHandler
    startup_stm32f427xx.o(RESET) refers to stm32f4xx_it.o(i.CAN1_SCE_IRQHandler) for CAN1_SCE_IRQHandler
    startup_stm32f427xx.o(RESET) refers to stm32f4xx_it.o(i.USART1_IRQHandler) for USART1_IRQHandler
    startup_stm32f427xx.o(RESET) refers to stm32f4xx_it.o(i.USART2_IRQHandler) for USART2_IRQHandler
    startup_stm32f427xx.o(RESET) refers to stm32f4xx_it.o(i.USART3_IRQHandler) for USART3_IRQHandler
    startup_stm32f427xx.o(RESET) refers to stm32f4xx_it.o(i.UART4_IRQHandler) for UART4_IRQHandler
    startup_stm32f427xx.o(RESET) refers to stm32f4xx_it.o(i.CAN2_TX_IRQHandler) for CAN2_TX_IRQHandler
    startup_stm32f427xx.o(RESET) refers to stm32f4xx_it.o(i.CAN2_RX0_IRQHandler) for CAN2_RX0_IRQHandler
    startup_stm32f427xx.o(RESET) refers to stm32f4xx_it.o(i.CAN2_RX1_IRQHandler) for CAN2_RX1_IRQHandler
    startup_stm32f427xx.o(RESET) refers to stm32f4xx_it.o(i.CAN2_SCE_IRQHandler) for CAN2_SCE_IRQHandler
    startup_stm32f427xx.o(RESET) refers to stm32f4xx_it.o(i.USART6_IRQHandler) for USART6_IRQHandler
    startup_stm32f427xx.o(RESET) refers to stm32f4xx_it.o(i.UART7_IRQHandler) for UART7_IRQHandler
    startup_stm32f427xx.o(RESET) refers to stm32f4xx_it.o(i.UART8_IRQHandler) for UART8_IRQHandler
    startup_stm32f427xx.o(.text) refers (Special) to heapauxi.o(.text) for __use_two_region_memory
    startup_stm32f427xx.o(.text) refers to system_stm32f4xx.o(i.SystemInit) for SystemInit
    startup_stm32f427xx.o(.text) refers to __main.o(!!!main) for __main
    startup_stm32f427xx.o(.text) refers to startup_stm32f427xx.o(HEAP) for Heap_Mem
    startup_stm32f427xx.o(.text) refers to startup_stm32f427xx.o(STACK) for Stack_Mem
    gpio.o(i.MX_GPIO_Init) refers to rt_memclr_w.o(.text) for __aeabi_memclr4
    gpio.o(i.MX_GPIO_Init) refers to stm32f4xx_hal_gpio.o(i.HAL_GPIO_WritePin) for HAL_GPIO_WritePin
    gpio.o(i.MX_GPIO_Init) refers to stm32f4xx_hal_gpio.o(i.HAL_GPIO_Init) for HAL_GPIO_Init
    gpio.o(.ARM.exidx) refers to gpio.o(i.MX_GPIO_Init) for i.MX_GPIO_Init
    can.o(i.HAL_CAN_MspDeInit) refers to stm32f4xx_hal_gpio.o(i.HAL_GPIO_DeInit) for HAL_GPIO_DeInit
    can.o(i.HAL_CAN_MspDeInit) refers to stm32f4xx_hal_cortex.o(i.HAL_NVIC_DisableIRQ) for HAL_NVIC_DisableIRQ
    can.o(i.HAL_CAN_MspDeInit) refers to can.o(.data) for .data
    can.o(i.HAL_CAN_MspInit) refers to rt_memclr_w.o(.text) for __aeabi_memclr4
    can.o(i.HAL_CAN_MspInit) refers to stm32f4xx_hal_gpio.o(i.HAL_GPIO_Init) for HAL_GPIO_Init
    can.o(i.HAL_CAN_MspInit) refers to stm32f4xx_hal_cortex.o(i.HAL_NVIC_SetPriority) for HAL_NVIC_SetPriority
    can.o(i.HAL_CAN_MspInit) refers to stm32f4xx_hal_cortex.o(i.HAL_NVIC_EnableIRQ) for HAL_NVIC_EnableIRQ
    can.o(i.HAL_CAN_MspInit) refers to can.o(.data) for .data
    can.o(i.MX_CAN1_Init) refers to stm32f4xx_hal_can.o(i.HAL_CAN_Init) for HAL_CAN_Init
    can.o(i.MX_CAN1_Init) refers to main.o(i.Error_Handler) for Error_Handler
    can.o(i.MX_CAN1_Init) refers to can.o(.bss) for .bss
    can.o(i.MX_CAN2_Init) refers to stm32f4xx_hal_can.o(i.HAL_CAN_Init) for HAL_CAN_Init
    can.o(i.MX_CAN2_Init) refers to main.o(i.Error_Handler) for Error_Handler
[...]
    __aeabi_memcpy4                          0x08000705   Thumb Code     0  rt_memcpy_w.o(.text)
    __aeabi_memcpy8                          0x08000705   Thumb Code     0  rt_memcpy_w.o(.text)
    __rt_memcpy_w                            0x08000705   Thumb Code   100  rt_memcpy_w.o(.text)
    _memcpy_lastbytes_aligned                0x0800074d   Thumb Code     0  rt_memcpy_w.o(.text)
    __user_libspace                          0x08000769   Thumb Code     8  libspace.o(.text)
    __user_perproc_libspace                  0x08000769   Thumb Code     0  libspace.o(.text)
    __user_perthread_libspace                0x08000769   Thumb Code     0  libspace.o(.text)
    __rt_locale                              0x08000771   Thumb Code     8  rt_locale_intlibspace.o(.text)
    _chval                                   0x08000779   Thumb Code    28  _chval.o(.text)
    __user_setup_stackheap                   0x08000795   Thumb Code    74  sys_stackheap_outer.o(.text)
    exit                                     0x080007df   Thumb Code    18  exit.o(.text)
    _sys_exit                                0x080007f1   Thumb Code     8  sys_exit.o(.text)
    __I$use$semihosting                      0x080007fd   Thumb Code     0  use_no_semi.o(.text)
    __use_no_semihosting_swi                 0x080007fd   Thumb Code     2  use_no_semi.o(.text)
    BusFault_Handler                         0x080007ff   Thumb Code     2  stm32f4xx_it.o(i.BusFault_Handler)
    __semihosting_library_function           0x080007ff   Thumb Code     0  indicate_semi.o(.text)
    CAN1_RX0_IRQHandler                      0x08000801   Thumb Code     6  stm32f4xx_it.o(i.CAN1_RX0_IRQHandler)
    CAN1_RX1_IRQHandler                      0x0800080d   Thumb Code     6  stm32f4xx_it.o(i.CAN1_RX1_IRQHandler)
    CAN1_SCE_IRQHandler                      0x08000819   Thumb Code     6  stm32f4xx_it.o(i.CAN1_SCE_IRQHandler)
    CAN1_TX_IRQHandler                       0x08000825   Thumb Code     6  stm32f4xx_it.o(i.CAN1_TX_IRQHandler)
    CAN2_RX0_IRQHandler                      0x08000831   Thumb Code     6  stm32f4xx_it.o(i.CAN2_RX0_IRQHandler)
    CAN2_RX1_IRQHandler                      0x0800083d   Thumb Code     6  stm32f4xx_it.o(i.CAN2_RX1_IRQHandler)
    CAN2_SCE_IRQHandler                      0x08000849   Thumb Code     6  stm32f4xx_it.o(i.CAN2_SCE_IRQHandler)
    CAN2_TX_IRQHandler                       0x08000855   Thumb Code     6  stm32f4xx_it.o(i.CAN2_TX_IRQHandler)
    DebugMon_Handler                         0x08000861   Thumb Code     2  stm32f4xx_it.o(i.DebugMon_Handler)
    Error_Handler                            0x08000863   Thumb Code     4  main.o(i.Error_Handler)
    HAL_CAN_AddTxMessage                     0x08000867   Thumb Code   226  stm32f4xx_hal_can.o(i.HAL_CAN_AddTxMessage)
    HAL_CAN_ConfigFilter                     0x08000949   Thumb Code   266  stm32f4xx_hal_can.o(i.HAL_CAN_ConfigFilter)
    HAL_CAN_ErrorCallback                    0x08000a59   Thumb Code     2  stm32f4xx_hal_can.o(i.HAL_CAN_ErrorCallback)
    HAL_CAN_GetRxMessage                     0x08000a5b   Thumb Code   274  stm32f4xx_hal_can.o(i.HAL_CAN_GetRxMessage)
    HAL_CAN_IRQHandler                       0x08000b6d   Thumb Code   508  stm32f4xx_hal_can.o(i.HAL_CAN_IRQHandler)
    HAL_CAN_Init                             0x08000d69   Thumb Code   338  stm32f4xx_hal_can.o(i.HAL_CAN_Init)
    HAL_CAN_MspInit                          0x08000ebd   Thumb Code   328  can.o(i.HAL_CAN_MspInit)
    HAL_CAN_RxFifo0FullCallback              0x0800101d   Thumb Code     2  stm32f4xx_hal_can.o(i.HAL_CAN_RxFifo0FullCallback)
    HAL_CAN_RxFifo0MsgPendingCallback        0x08001021   Thumb Code    68  drv_can.o(i.HAL_CAN_RxFifo0MsgPendingCallback)
    HAL_CAN_RxFifo1FullCallback              0x08001071   Thumb Code     2  stm32f4xx_hal_can.o(i.HAL_CAN_RxFifo1FullCallback)
    HAL_CAN_RxFifo1MsgPendingCallback        0x08001075   Thumb Code    68  drv_can.o(i.HAL_CAN_RxFifo1MsgPendingCallback)
    HAL_CAN_SleepCallback                    0x080010c5   Thumb Code     2  stm32f4xx_hal_can.o(i.HAL_CAN_SleepCallback)
    HAL_CAN_Start                            0x080010c7   Thumb Code    88  stm32f4xx_hal_can.o(i.HAL_CAN_Start)
    HAL_CAN_TxMailbox0AbortCallback          0x0800111f   Thumb Code     2  stm32f4xx_hal_can.o(i.HAL_CAN_TxMailbox0AbortCallback)
    HAL_CAN_TxMailbox0CompleteCallback       0x08001121   Thumb Code     2  stm32f4xx_hal_can.o(i.HAL_CAN_TxMailbox0CompleteCallback)
    HAL_CAN_TxMailbox1AbortCallback          0x08001123   Thumb Code     2  stm32f4xx_hal_can.o(i.HAL_CAN_TxMailbox1AbortCallback)
    HAL_CAN_TxMailbox1CompleteCallback       0x08001125   Thumb Code     2  stm32f4xx_hal_can.o(i.HAL_CAN_TxMailbox1CompleteCallback)
    HAL_CAN_TxMailbox2AbortCallback          0x08001127   Thumb Code     2  stm32f4xx_hal_can.o(i.HAL_CAN_TxMailbox2AbortCallback)
    HAL_CAN_TxMailbox2CompleteCallback       0x08001129   Thumb Code     2  stm32f4xx_hal_can.o(i.HAL_CAN_TxMailbox2CompleteCallback)
    HAL_CAN_WakeUpFromRxMsgCallback          0x0800112b   Thumb Code     2  stm32f4xx_hal_can.o(i.HAL_CAN_WakeUpFromRxMsgCallback)
    HAL_DMA_Abort                            0x0800112d   Thumb Code   142  stm32f4xx_hal_dma.o(i.HAL_DMA_Abort)
    HAL_DMA_Abort_IT                         0x080011bb   Thumb Code    36  stm32f4xx_hal_dma.o(i.HAL_DMA_Abort_IT)
    HAL_DMA_Start_IT                         0x080011df   Thumb Code   110  stm32f4xx_hal_dma.o(i.HAL_DMA_Start_IT)
    HAL_GPIO_Init                            0x0800124d   Thumb Code   440  stm32f4xx_hal_gpio.o(i.HAL_GPIO_Init)
    HAL_GPIO_WritePin                        0x08001439   Thumb Code    14  stm32f4xx_hal_gpio.o(i.HAL_GPIO_WritePin)
    HAL_GetTick                              0x08001449   Thumb Code     6  stm32f4xx_hal.o(i.HAL_GetTick)
    HAL_IncTick                              0x08001455   Thumb Code    12  stm32f4xx_hal.o(i.HAL_IncTick)
    HAL_Init                                 0x08001465   Thumb Code    48  stm32f4xx_hal.o(i.HAL_Init)
    HAL_InitTick                             0x08001499   Thumb Code    58  stm32f4xx_hal.o(i.HAL_InitTick)
    HAL_MspInit                              0x080014dd   Thumb Code    42  stm32f4xx_hal_msp.o(i.HAL_MspInit)
    HAL_NVIC_EnableIRQ                       0x0800150d   Thumb Code    26  stm32f4xx_hal_cortex.o(i.HAL_NVIC_EnableIRQ)
    HAL_NVIC_SetPriority                     0x08001529   Thumb Code    60  stm32f4xx_hal_cortex.o(i.HAL_NVIC_SetPriority)
    HAL_NVIC_SetPriorityGrouping             0x08001569   Thumb Code    26  stm32f4xx_hal_cortex.o(i.HAL_NVIC_SetPriorityGrouping)
    HAL_PWREx_EnableOverDrive                0x0800158d   Thumb Code   104  stm32f4xx_hal_pwr_ex.o(i.HAL_PWREx_EnableOverDrive)
    HAL_RCC_ClockConfig                      0x08001601   Thumb Code   310  stm32f4xx_hal_rcc.o(i.HAL_RCC_ClockConfig)
    HAL_RCC_GetHCLKFreq                      0x0800174d   Thumb Code     6  stm32f4xx_hal_rcc.o(i.HAL_RCC_GetHCLKFreq)
    HAL_RCC_GetPCLK1Freq                     0x08001759   Thumb Code    22  stm32f4xx_hal_rcc.o(i.HAL_RCC_GetPCLK1Freq)
    HAL_RCC_GetPCLK2Freq                     0x08001779   Thumb Code    22  stm32f4xx_hal_rcc.o(i.HAL_RCC_GetPCLK2Freq)
    HAL_RCC_GetSysClockFreq                  0x08001799   Thumb Code    94  stm32f4xx_hal_rcc.o(i.HAL_RCC_GetSysClockFreq)
    HAL_RCC_OscConfig                        0x08001805   Thumb Code   942  stm32f4xx_hal_rcc.o(i.HAL_RCC_OscConfig)
    HAL_SYSTICK_Config                       0x08001bc5   Thumb Code    40  stm32f4xx_hal_cortex.o(i.HAL_SYSTICK_Config)
    HAL_UARTEx_ReceiveToIdle_DMA             0x08001bed   Thumb Code    82  stm32f4xx_hal_uart.o(i.HAL_UARTEx_ReceiveToIdle_DMA)
    HAL_UARTEx_RxEventCallback               0x08001c41   Thumb Code   296  drv_uart.o(i.HAL_UARTEx_RxEventCallback)
    HAL_UART_ErrorCallback                   0x08001da9   Thumb Code     2  stm32f4xx_hal_uart.o(i.HAL_UART_ErrorCallback)
    HAL_UART_IRQHandler                      0x08001dad   Thumb Code   578  stm32f4xx_hal_uart.o(i.HAL_UART_IRQHandler)
    HAL_UART_Init                            0x08001ff5   Thumb Code   102  stm32f4xx_hal_uart.o(i.HAL_UART_Init)
    HAL_UART_MspInit                         0x0800205d   Thumb Code   644  usart.o(i.HAL_UART_MspInit)
    HAL_UART_Receive_IT                      0x08002315   Thumb Code    28  stm32f4xx_hal_uart.o(i.HAL_UART_Receive_IT)
    HAL_UART_RxCpltCallback                  0x08002331   Thumb Code   346  main.o(i.HAL_UART_RxCpltCallback)
    HAL_UART_RxHalfCpltCallback              0x080024bd   Thumb Code     2  stm32f4xx_hal_uart.o(i.HAL_UART_RxHalfCpltCallback)
    HAL_UART_Transmit_IT                     0x080024bf   Thumb Code    50  stm32f4xx_hal_uart.o(i.HAL_UART_Transmit_IT)
    HAL_UART_TxCpltCallback                  0x080024f1   Thumb Code    24  main.o(i.HAL_UART_TxCpltCallback)
    HardFault_Handler                        0x08002511   Thumb Code     2  stm32f4xx_it.o(i.HardFault_Handler)
    MX_CAN1_Init                             0x08002515   Thumb Code    58  can.o(i.MX_CAN1_Init)
    MX_CAN2_Init                             0x08002559   Thumb Code    58  can.o(i.MX_CAN2_Init)
    MX_GPIO_Init                             0x0800259d   Thumb Code   200  gpio.o(i.MX_GPIO_Init)
    MX_UART4_Init                            0x08002675   Thumb Code    48  usart.o(i.MX_UART4_Init)
    MX_UART7_Init                            0x080026ad   Thumb Code    48  usart.o(i.MX_UART7_Init)
    MX_UART8_Init                            0x080026e5   Thumb Code    48  usart.o(i.MX_UART8_Init)
    MX_USART1_UART_Init                      0x0800271d   Thumb Code    52  usart.o(i.MX_USART1_UART_Init)
    MX_USART3_UART_Init                      0x0800275d   Thumb Code    48  usart.o(i.MX_USART3_UART_Init)
    MX_USART6_UART_Init                      0x08002795   Thumb Code    48  usart.o(i.MX_USART6_UART_Init)
    MemManage_Handler                        0x080027cd   Thumb Code     2  stm32f4xx_it.o(i.MemManage_Handler)
    NMI_Handler                              0x080027cf   Thumb Code     2  stm32f4xx_it.o(i.NMI_Handler)
    PendSV_Handler                           0x080027d1   Thumb Code     2  stm32f4xx_it.o(i.PendSV_Handler)
    SVC_Handler                              0x080027d3   Thumb Code     2  stm32f4xx_it.o(i.SVC_Handler)
    SysTick_Handler                          0x080027d5   Thumb Code     4  stm32f4xx_it.o(i.SysTick_Handler)
    SystemInit                               0x080027d9   Thumb Code    12  system_stm32f4xx.o(i.SystemInit)
    UART4_IRQHandler                         0x080027e9   Thumb Code     6  stm32f4xx_it.o(i.UART4_IRQHandler)
    UART7_IRQHandler                         0x080027f5   Thumb Code     6  stm32f4xx_it.o(i.UART7_IRQHandler)
    UART8_IRQHandler                         0x08002801   Thumb Code     6  stm32f4xx_it.o(i.UART8_IRQHandler)
    UART_Start_Receive_DMA                   0x0800280d   Thumb Code   150  stm32f4xx_hal_uart.o(i.UART_Start_Receive_DMA)
    UART_Start_Receive_IT                    0x080028b1   Thumb Code    56  stm32f4xx_hal_uart.o(i.UART_Start_Receive_IT)
    USART1_IRQHandler                        0x080028e9   Thumb Code     6  stm32f4xx_it.o(i.USART1_IRQHandler)
    USART2_IRQHandler                        0x080028f5   Thumb Code     6  stm32f4xx_it.o(i.USART2_IRQHandler)
    USART3_IRQHandler                        0x08002901   Thumb Code     6  stm32f4xx_it.o(i.USART3_IRQHandler)
    USART6_IRQHandler                        0x0800290d   Thumb Code     6  stm32f4xx_it.o(i.USART6_IRQHandler)
    UsageFault_Handler                       0x08002919   Thumb Code     2  stm32f4xx_it.o(i.UsageFault_Handler)
    BSP_DC24_LD(Enum_BSP_DC24_Status)        0x0800291d   Thumb Code    10  drv_bsp.o(i._Z11BSP_DC24_LD20Enum_BSP_DC24_Status)
    BSP_DC24_LU(Enum_BSP_DC24_Status)        0x0800292d   Thumb Code    10  drv_bsp.o(i._Z11BSP_DC24_LU20Enum_BSP_DC24_Status)
    BSP_DC24_RD(Enum_BSP_DC24_Status)        0x0800293d   Thumb Code    10  drv_bsp.o(i._Z11BSP_DC24_RD20Enum_BSP_DC24_Status)
    BSP_DC24_RU(Enum_BSP_DC24_Status)        0x0800294d   Thumb Code    10  drv_bsp.o(i._Z11BSP_DC24_RU20Enum_BSP_DC24_Status)
    CAN_Send_Data(CAN_HandleTypeDef*, unsigned short, unsigned char*, unsigned short) 0x0800295d   Thumb Code    28  drv_can.o(i._Z13CAN_Send_DataP17CAN_HandleTypeDeftPht)
    hwt101_decode(unsigned char)             0x08002979   Thumb Code   162  hwt101.o(i._Z13hwt101_decodeh)
    CAN1_Call_Back(Struct_CAN_Rx_Buffer*)    0x08002a41   Thumb Code    84  main.o(i._Z14CAN1_Call_BackP20Struct_CAN_Rx_Buffer)
    CAN2_Call_Back(Struct_CAN_Rx_Buffer*)    0x08002aa5   Thumb Code   110  main.o(i._Z14CAN2_Call_BackP20Struct_CAN_Rx_Buffer)
    angle_diff_deg(float, float)             0x08002b29   Thumb Code    42  hwt101.o(i._Z14angle_diff_degff)
    motor_can_init()                         0x08002b61   Thumb Code   340  main.o(i._Z14motor_can_initv)
    motor_pid_init()                         0x08002ce9   Thumb Code  1112  main.o(i._Z14motor_pid_initv)
    motor_pid_task()                         0x08003141   Thumb Code   156  main.o(i._Z14motor_pid_taskv)
    uart_init_task()                         0x08003205   Thumb Code    64  main.o(i._Z14uart_init_taskv)
    hwt101_is_valid()                        0x0800325d   Thumb Code    36  hwt101.o(i._Z15hwt101_is_validv)
    uart6_cmd_parse(char*)                   0x08003289   Thumb Code  1342  main.o(i._Z15uart6_cmd_parsePc)
    allocate_tx_data(CAN_HandleTypeDef*, Enum_CAN_Motor_ID) 0x080037dd   Thumb Code   158  dvc_motor.o(i._Z16allocate_tx_dataP17CAN_HandleTypeDef17Enum_CAN_Motor_ID)
    action_group_stop()                      0x0800389d   Thumb Code    88  action_group.o(i._Z17action_group_stopv)
    action_group_task()                      0x08003935   Thumb Code    90  action_group.o(i._Z17action_group_taskv)
    sbus_chassis_task()                      0x080039a1   Thumb Code     2  main.o(i._Z17sbus_chassis_taskv)
    SystemClock_Config()                     0x080039a5   Thumb Code   150  main.o(i._Z18SystemClock_Configv)
    action_group_start(unsigned char)        0x08003a45   Thumb Code   138  action_group.o(i._Z18action_group_starth)
    hwt101_get_yaw_deg()                     0x08003af9   Thumb Code    16  hwt101.o(i._Z18hwt101_get_yaw_degv)
    lift1_control_task()                     0x08003b11   Thumb Code   312  main.o(i._Z18lift1_control_taskv)
    lift2_control_task()                     0x08003c71   Thumb Code   146  main.o(i._Z18lift2_control_taskv)
    lift3_control_task()                     0x08003d1d   Thumb Code   186  main.o(i._Z18lift3_control_taskv)
    micolink_check_sum(MICOLINK_MSG_t*)      0x08003df9   Thumb Code    62  mtf01.o(i._Z18micolink_check_sumP14MICOLINK_MSG_t)
    uart2_forward_task()                     0x08003e37   Thumb Code     2  main.o(i._Z18uart2_forward_taskv)
    micolink_parse_char(MICOLINK_MSG_t*, unsigned char) 0x08003e39   Thumb Code   176  mtf01.o(i._Z19micolink_parse_charP14MICOLINK_MSG_th)
    side_distance_start(unsigned char, float) 0x08003ee9   Thumb Code   112  distance_control.o(i._Z19side_distance_starthf)
    uart6_feedback_task()                    0x08003f81   Thumb Code   128  main.o(i._Z19uart6_feedback_taskv)
    can2_2006_angle_task()                   0x08004009   Thumb Code    74  main.o(i._Z20can2_2006_angle_taskv)
    chassis_control_task()                   0x08004061   Thumb Code   426  main.o(i._Z20chassis_control_taskv)
    CAN_Filter_Mask_Config(CAN_HandleTypeDef*, unsigned char, unsigned, unsigned) 0x08004261   Thumb Code    62  drv_can.o(i._Z22CAN_Filter_Mask_ConfigP17CAN_HandleTypeDefhjj)
    chassis_distance_start(unsigned char, float) 0x080042a1   Thumb Code    74  distance_control.o(i._Z22chassis_distance_starthf)
    chassis_gyro_turn_task()                 0x08004315   Thumb Code   164  hwt101.o(i._Z22chassis_gyro_turn_taskv)
    chassis_feedback_update()                0x080043e9   Thumb Code   290  main.o(i._Z23chassis_feedback_updatev)
    side_wheel_control_task()                0x08004525   Thumb Code   240  main.o(i._Z23side_wheel_control_taskv)
    side_distance_select_mtf(unsigned char)  0x08004649   Thumb Code    52  distance_control.o(i._Z24side_distance_select_mtfh)
    side_distance_control_task()             0x08004699   Thumb Code   506  distance_control.o(i._Z26side_distance_control_taskv)
    chassis_drive_pid_use_climb(unsigned char) 0x080048f9   Thumb Code   518  main.o(i._Z27chassis_drive_pid_use_climbh)
    TIM_CAN_PeriodElapsedCallback()          0x08004b39   Thumb Code   104  drv_can.o(i._Z29TIM_CAN_PeriodElapsedCallbackv)
    chassis_distance_control_task()          0x08004bad   Thumb Code   392  distance_control.o(i._Z29chassis_distance_control_taskv)
    chassis_drive_pid_restore_requested()    0x08004d95   Thumb Code     8  main.o(i._Z35chassis_drive_pid_restore_requestedv)
    BSP_Init(unsigned, float, float)         0x08004da1   Thumb Code   140  drv_bsp.o(i._Z8BSP_Initjff)
    CAN_Init(CAN_HandleTypeDef*, void(*)(Struct_CAN_Rx_Buffer*)) 0x08004e2d   Thumb Code   118  drv_can.o(i._Z8CAN_InitP17CAN_HandleTypeDefPFvP20Struct_CAN_Rx_BufferE)
    BSP_LED_1(Enum_BSP_LED_Status)           0x08004eb1   Thumb Code    10  drv_bsp.o(i._Z9BSP_LED_119Enum_BSP_LED_Status)
    BSP_LED_2(Enum_BSP_LED_Status)           0x08004ec1   Thumb Code    10  drv_bsp.o(i._Z9BSP_LED_219Enum_BSP_LED_Status)
    BSP_LED_3(Enum_BSP_LED_Status)           0x08004ed1   Thumb Code    10  drv_bsp.o(i._Z9BSP_LED_319Enum_BSP_LED_Status)
    BSP_LED_4(Enum_BSP_LED_Status)           0x08004ee1   Thumb Code    10  drv_bsp.o(i._Z9BSP_LED_419Enum_BSP_LED_Status)
    BSP_LED_5(Enum_BSP_LED_Status)           0x08004ef1   Thumb Code    10  drv_bsp.o(i._Z9BSP_LED_519Enum_BSP_LED_Status)
    BSP_LED_6(Enum_BSP_LED_Status)           0x08004f01   Thumb Code    10  drv_bsp.o(i._Z9BSP_LED_619Enum_BSP_LED_Status)
    BSP_LED_7(Enum_BSP_LED_Status)           0x08004f11   Thumb Code    10  drv_bsp.o(i._Z9BSP_LED_719Enum_BSP_LED_Status)
    BSP_LED_8(Enum_BSP_LED_Status)           0x08004f21   Thumb Code    12  drv_bsp.o(i._Z9BSP_LED_819Enum_BSP_LED_Status)
    BSP_LED_G(Enum_BSP_LED_Status)           0x08004f31   Thumb Code    12  drv_bsp.o(i._Z9BSP_LED_G19Enum_BSP_LED_Status)
    BSP_LED_R(Enum_BSP_LED_Status)           0x08004f41   Thumb Code    12  drv_bsp.o(i._Z9BSP_LED_R19Enum_BSP_LED_Status)
    omni_move(float, float, float)           0x08004f51   Thumb Code   494  main.o(i._Z9omni_movefff)
    Class_Motor_C610::Set_Target_Omega(float) 0x08005179   Thumb Code     6  dvc_motor.o(i._ZN16Class_Motor_C61016Set_Target_OmegaEf)
    Class_Motor_C610::Set_Target_Torque(float) 0x0800517f   Thumb Code     6  dvc_motor.o(i._ZN16Class_Motor_C61017Set_Target_TorqueEf)
    Class_Motor_C610::CAN_RxCpltCallback(unsigned char*) 0x08005185   Thumb Code   188  dvc_motor.o(i._ZN16Class_Motor_C61018CAN_RxCpltCallbackEPh)
    Class_Motor_C610::Set_Control_Method(Enum_Control_Method) 0x08005249   Thumb Code     6  dvc_motor.o(i._ZN16Class_Motor_C61018Set_Control_MethodE19Enum_Control_Method)
    Class_Motor_C610::TIM_PID_PeriodElapsedCallback() 0x08005251   Thumb Code   232  dvc_motor.o(i._ZN16Class_Motor_C61029TIM_PID_PeriodElapsedCallbackEv)
    Class_Motor_C610::Init(CAN_HandleTypeDef*, Enum_CAN_Motor_ID, Enum_Control_Method, float, float) 0x0800533d   Thumb Code    62  dvc_motor.o(i._ZN16Class_Motor_C6104InitEP17CAN_HandleTypeDef17Enum_CAN_Motor_ID19Enum_Control_Methodff)
    Class_Motor_C610::Output()               0x0800538d   Thumb Code    38  dvc_motor.o(i._ZN16Class_Motor_C6106OutputEv)
    Class_Motor_C610::Set_Out(float)         0x080053b3   Thumb Code     6  dvc_motor.o(i._ZN16Class_Motor_C6107Set_OutEf)
    Class_Motor_C610::Class_Motor_C610()     0x080053b9   Thumb Code   112  main.o(i._ZN16Class_Motor_C610C1Ev)
    Class_Motor_C610::Class_Motor_C610__sub_object() 0x080053b9   Thumb Code     0  main.o(i._ZN16Class_Motor_C610C1Ev)
    Class_Motor_C620::Get_Now_Angle()        0x08005435   Thumb Code     6  dvc_motor.o(i._ZN16Class_Motor_C62013Get_Now_AngleEv)
    Class_Motor_C620::Get_Now_Omega()        0x0800543b   Thumb Code     6  dvc_motor.o(i._ZN16Class_Motor_C62013Get_Now_OmegaEv)
    Class_Motor_C620::Set_Target_Angle(float) 0x08005441   Thumb Code     6  dvc_motor.o(i._ZN16Class_Motor_C62016Set_Target_AngleEf)
    Class_Motor_C620::CAN_RxCpltCallback(unsigned char*) 0x08005449   Thumb Code   188  dvc_motor.o(i._ZN16Class_Motor_C62018CAN_RxCpltCallbackEPh)
    Class_Motor_C620::TIM_PID_PeriodElapsedCallback() 0x0800550d   Thumb Code   232  dvc_motor.o(i._ZN16Class_Motor_C62029TIM_PID_PeriodElapsedCallbackEv)
    Class_Motor_C620::Init(CAN_HandleTypeDef*, Enum_CAN_Motor_ID, Enum_Control_Method, float, float) 0x080055f9   Thumb Code    62  dvc_motor.o(i._ZN16Class_Motor_C6204InitEP17CAN_HandleTypeDef17Enum_CAN_Motor_ID19Enum_Control_Methodff)
    Class_Motor_C620::Output()               0x08005649   Thumb Code    38  dvc_motor.o(i._ZN16Class_Motor_C6206OutputEv)
    Class_Motor_C620::Set_Out(float)         0x0800566f   Thumb Code     6  dvc_motor.o(i._ZN16Class_Motor_C6207Set_OutEf)
    Class_Motor_C620::Class_Motor_C620()     0x08005675   Thumb Code   110  main.o(i._ZN16Class_Motor_C620C1Ev)
    Class_Motor_C620::Class_Motor_C620__sub_object() 0x08005675   Thumb Code     0  main.o(i._ZN16Class_Motor_C620C1Ev)
    Class_PID::Set_Target(float)             0x08006c3d   Thumb Code     6  alg_pid.o(i._ZN9Class_PID10Set_TargetEf)
    Class_PID::TIM_Adjust_PeriodElapsedCallback() 0x08006c45   Thumb Code   448  alg_pid.o(i._ZN9Class_PID32TIM_Adjust_PeriodElapsedCallbackEv)
    Class_PID::Init(float, float, float, float, float, float, float, float, float, float, float, Enum_PID_D_First) 0x08006e09   Thumb Code    48  alg_pid.o(i._ZN9Class_PID4InitEfffffffffff16Enum_PID_D_First)
    Class_PID::Get_Out()                     0x08006e39   Thumb Code     6  alg_pid.o(i._ZN9Class_PID7Get_OutEv)
    Class_PID::Set_Now(float)                0x08006e3f   Thumb Code     6  alg_pid.o(i._ZN9Class_PID7Set_NowEf)
    Class_PID::Class_PID()                   0x08006e45   Thumb Code    74  main.o(i._ZN9Class_PIDC1Ev)
    Class_PID::Class_PID__sub_object()       0x08006e45   Thumb Code     0  main.o(i._ZN9Class_PIDC1Ev)
    __ARM_fpclassifyf                        0x08006e95   Thumb Code    38  fpclassifyf.o(i.__ARM_fpclassifyf)
    __hardfp_cosf                            0x08006ebd   Thumb Code   280  cosf.o(i.__hardfp_cosf)
    __hardfp_sinf                            0x0800700d   Thumb Code   344  sinf.o(i.__hardfp_sinf)
    __mathlib_flt_infnan                     0x0800719d   Thumb Code     6  funder.o(i.__mathlib_flt_infnan)
    __mathlib_flt_invalid                    0x080071a5   Thumb Code    10  funder.o(i.__mathlib_flt_invalid)
    __mathlib_flt_underflow                  0x080071b5   Thumb Code    10  funder.o(i.__mathlib_flt_underflow)
    __mathlib_rredf2                         0x080071c5   Thumb Code   316  rredf.o(i.__mathlib_rredf2)
    calculate_checksum                       0x080073a9   Thumb Code    28  protocol.o(i.calculate_checksum)
    main                                     0x080073c5   Thumb Code   310  main.o(i.main)
    mtf01_decode                             0x08007519   Thumb Code   150  mtf01.o(i.mtf01_decode)
    on_receive_ActionGroupCmd                0x080075b5   Thumb Code    86  main.o(i.on_receive_ActionGroupCmd)
    on_receive_ActionGroupFeedback           0x08007611   Thumb Code     2  protocol.o(i.on_receive_ActionGroupFeedback)
    on_receive_AssemblyStatus                0x08007613   Thumb Code     2  protocol.o(i.on_receive_AssemblyStatus)
    on_receive_CmdVel                        0x08007615   Thumb Code   122  main.o(i.on_receive_CmdVel)
    on_receive_ConfrontClimbCmd              0x08007699   Thumb Code    28  main.o(i.on_receive_ConfrontClimbCmd)
    on_receive_GameCmd                       0x080076b9   Thumb Code     2  protocol.o(i.on_receive_GameCmd)
    on_receive_GripperStatus                 0x080076bb   Thumb Code     2  protocol.o(i.on_receive_GripperStatus)
    on_receive_Handshake                     0x080076bd   Thumb Code    20  main.o(i.on_receive_Handshake)
    on_receive_Heartbeat                     0x080076d9   Thumb Code    12  main.o(i.on_receive_Heartbeat)
    on_receive_MeilinCmd                     0x080076e9   Thumb Code     2  protocol.o(i.on_receive_MeilinCmd)
    on_receive_R1Signal                      0x080076eb   Thumb Code     2  protocol.o(i.on_receive_R1Signal)
    on_receive_StartButton                   0x080076ed   Thumb Code     2  protocol.o(i.on_receive_StartButton)
    on_receive_WeaponFlipCmd                 0x080076ef   Thumb Code    28  main.o(i.on_receive_WeaponFlipCmd)
    on_receive_WheelOdom                     0x0800770b   Thumb Code     2  protocol.o(i.on_receive_WheelOdom)
    protocol_fsm_feed                        0x0800770d   Thumb Code   404  protocol.o(i.protocol_fsm_feed)
    send_Handshake                           0x080078a9   Thumb Code    54  protocol.o(i.send_Handshake)
    send_Heartbeat                           0x080078df   Thumb Code    54  protocol.o(i.send_Heartbeat)
    send_WheelOdom                           0x08007915   Thumb Code    64  protocol.o(i.send_WheelOdom)
    serial_write                             0x08007955   Thumb Code     4  main.o(i.serial_write)
    _get_lc_ctype                            0x08007959   Thumb Code    44  lc_ctype_c.o(locale$$code)
    T1 Math_Constrain<float>(T1*, T1, T1)    0x08007985   Thumb Code    40  alg_pid.o(t._Z14Math_ConstrainIfET_PS0_S0_S0_)
    T1 Math_Abs<float>(T1)                   0x080079ad   Thumb Code    16  alg_pid.o(t._Z8Math_AbsIfET_S0_)
    _fp_init                                 0x080079bd   Thumb Code    10  fpinit.o(x$fpl$fpinit)
    __fplib_config_fpu_vfp                   0x080079c5   Thumb Code     0  fpinit.o(x$fpl$fpinit)
    __fplib_config_pureend_doubles           0x080079c5   Thumb Code     0  fpinit.o(x$fpl$fpinit)
    AHBPrescTable                            0x080079c6   Data          16  system_stm32f4xx.o(.constdata)
    __I$use$fp                               0x080079c6   Number         0  usenofp.o(x$fpl$usenofp)
    APBPrescTable                            0x080079d6   Data           8  system_stm32f4xx.o(.constdata)
    Region$$Table$$Base                      0x08007b00   Number         0  anon$$obj.o(Region$$Table)
    Region$$Table$$Limit                     0x08007b20   Number         0  anon$$obj.o(Region$$Table)
    __ctype                                  0x08007b2d   Data           0  lc_ctype_c.o(locale$$data)
    SHT$$INIT_ARRAY$$Base                    0x08007c30   Number         0  main.o(.init_array)
    SHT$$INIT_ARRAY$$Limit                   0x08007c34   Number         0  init_aeabi.o(.init_array)
    uart6_rx_data                            0x20000004   Data           1  main.o(.data)
    uart6_rx_index                           0x20000005   Data           1  main.o(.data)
    uart6_rx_complete                        0x20000006   Data           1  main.o(.data)
    protocol_handshake_tx_pending            0x20000007   Data           1  main.o(.data)
    protocol_heartbeat_tx_pending            0x20000008   Data           1  main.o(.data)
    protocol_action_cmd_pending              0x20000009   Data           1  main.o(.data)
    protocol_action_cmd_id                   0x2000000a   Data           1  main.o(.data)
    uart3_motor_debug_enable                 0x2000000b   Data           1  main.o(.data)
    chassis_force_lock_until_motion          0x2000000c   Data           1  main.o(.data)
    lift1_cmd                                0x2000000d   Data           1  main.o(.data)
    lift2_cmd                                0x2000000e   Data           1  main.o(.data)
    wheel_angle_target_inited                0x2000000f   Data           1  main.o(.data)
    lift1_zero_inited                        0x20000012   Data           1  main.o(.data)
    lift12_home_active                       0x20000013   Data           1  main.o(.data)
    lift2_zero_inited                        0x20000014   Data           1  main.o(.data)
    can2_2006_zero_inited                    0x20000015   Data           1  main.o(.data)
    side_wheel_enable                        0x20000016   Data           1  main.o(.data)
    lift3_cmd                                0x20000017   Data           1  main.o(.data)
    lift3_zero_inited                        0x20000018   Data           1  main.o(.data)
    mtf01_rx_data_1                          0x20000019   Data           1  main.o(.data)
    mtf01_rx_data_2                          0x2000001a   Data           1  main.o(.data)
    side_distance_enable                     0x2000001b   Data           1  main.o(.data)
    hwt101_rx_data                           0x2000001c   Data           1  main.o(.data)
    chassis_yaw_hold_enable                  0x2000001d   Data           1  main.o(.data)
    chassis_gyro_turn_enable                 0x2000001e   Data           1  main.o(.data)
    sbus_rx_data                             0x2000001f   Data           1  main.o(.data)
    action_status                            0x20000020   Data           1  main.o(.data)
    action_id                                0x20000021   Data           1  main.o(.data)
    action_step                              0x20000022   Data           1  main.o(.data)
    chassis_distance_enable                  0x20000023   Data           1  main.o(.data)
    uart6_rx_last_tick                       0x20000034   Data           4  main.o(.data)
    protocol_heartbeat_ack_count             0x20000038   Data           4  main.o(.data)
    protocol_handshake_hash                  0x2000003c   Data           4  main.o(.data)
    chassis_cmd_vx_mm_s                      0x20000040   Data           4  main.o(.data)
    chassis_cmd_vy_mm_s                      0x20000044   Data           4  main.o(.data)
    chassis_cmd_w_mdeg_s                     0x20000048   Data           4  main.o(.data)
    chassis_cmd_last_tick                    0x2000004c   Data           4  main.o(.data)
    chassis_force_lock_tick                  0x20000050   Data           4  main.o(.data)
    wheel_target_angle_1                     0x20000054   Data           4  main.o(.data)
    wheel_target_angle_2                     0x20000058   Data           4  main.o(.data)
    wheel_target_angle_3                     0x2000005c   Data           4  main.o(.data)
    wheel_target_angle_4                     0x20000060   Data           4  main.o(.data)
    vx_f                                     0x20000064   Data           4  main.o(.data)
    vy_f                                     0x20000068   Data           4  main.o(.data)
    w_f                                      0x2000006c   Data           4  main.o(.data)
    chassis_now_vx                           0x20000070   Data           4  main.o(.data)
    chassis_now_vy                           0x20000074   Data           4  main.o(.data)
    chassis_now_wz                           0x20000078   Data           4  main.o(.data)
    chassis_yaw                              0x2000007c   Data           4  main.o(.data)
    chassis_odom_x                           0x20000080   Data           4  main.o(.data)
    chassis_odom_y                           0x20000084   Data           4  main.o(.data)
    chassis_fb_last_update_tick              0x20000088   Data           4  main.o(.data)
    lift1_zero_angle_5                       0x2000008c   Data           4  main.o(.data)
    lift1_zero_angle_6                       0x20000090   Data           4  main.o(.data)
    lift2_zero_angle_7                       0x20000094   Data           4  main.o(.data)
    lift2_zero_angle_8                       0x20000098   Data           4  main.o(.data)
    can2_2006_zero_angle_12                  0x2000009c   Data           4  main.o(.data)
    can2_2006_target_angle_12                0x200000a0   Data           4  main.o(.data)
    side_wheel_target_rpm                    0x200000a4   Data           4  main.o(.data)
    side_wheel_cmd_last_tick                 0x200000a8   Data           4  main.o(.data)
    side_wheel15_feedback_last_tick          0x200000ac   Data           4  main.o(.data)
    lift3_zero_angle_13                      0x200000b0   Data           4  main.o(.data)
    lift3_zero_angle_14                      0x200000b4   Data           4  main.o(.data)
    side_distance_target_mm                  0x200000b8   Data           4  main.o(.data)
    side_distance_now_mm                     0x200000bc   Data           4  main.o(.data)
    chassis_flow_lateral_mm                  0x200000c0   Data           4  main.o(.data)
    chassis_flow_correct_mm_s                0x200000c4   Data           4  main.o(.data)
    chassis_flow_yaw_correct_wz              0x200000c8   Data           4  main.o(.data)
    chassis_flow_lateral_vel_f               0x200000cc   Data           4  main.o(.data)
    chassis_flow_mtf_update_tick             0x200000d0   Data           4  main.o(.data)
    chassis_flow_mtf_time_ms                 0x200000d4   Data           4  main.o(.data)
    hwt101_gyro_z_dps                        0x200000d8   Data           4  main.o(.data)
    chassis_yaw_hold_target_deg              0x200000dc   Data           4  main.o(.data)
    chassis_yaw_hold_correct_wz              0x200000e0   Data           4  main.o(.data)
    chassis_gyro_turn_target_deg             0x200000e4   Data           4  main.o(.data)
    action_step_start_tick                   0x200000e8   Data           4  main.o(.data)
    action_fb_last_tick                      0x200000ec   Data           4  main.o(.data)
    chassis_distance_target_mm               0x200000f0   Data           4  main.o(.data)
    chassis_distance_now_mm                  0x200000f4   Data           4  main.o(.data)
    active_mtf01_index                       0x20000110   Data           1  main.o(.data)
    side_distance_last_tick                  0x20000114   Data           4  main.o(.data)
    mtf01_last_update_tick                   0x20000118   Data           4  main.o(.data)
    mtf01_last_update_ms                     0x2000011c   Data           4  main.o(.data)
    hwt101_yaw_deg                           0x20000120   Data           4  main.o(.data)
    hwt101_yaw_zero_deg                      0x20000124   Data           4  main.o(.data)
    hwt101_angle_valid                       0x20000128   Data           1  main.o(.data)
    hwt101_last_update_tick                  0x2000012c   Data           4  main.o(.data)
    chassis_distance_mtf_index               0x20000130   Data           1  main.o(.data)
    chassis_distance_last_tick               0x20000134   Data           4  main.o(.data)
    chassis_distance_mtf_last_update_tick    0x20000138   Data           4  main.o(.data)
    chassis_distance_mtf_last_update_ms      0x2000013c   Data           4  main.o(.data)
    chassis_distance_failed                  0x20000140   Data           1  main.o(.data)
    side_distance_failed                     0x20000141   Data           1  main.o(.data)
    uwTickFreq                               0x20000144   Data           1  stm32f4xx_hal.o(.data)
    uwTickPrio                               0x20000148   Data           4  stm32f4xx_hal.o(.data)
    uwTick                                   0x2000014c   Data           4  stm32f4xx_hal.o(.data)
    SystemCoreClock                          0x20000150   Data           4  system_stm32f4xx.o(.data)
    CAN1_0x1ff_Tx_Data                       0x2000015c   Data           8  drv_can.o(.data)
    CAN1_0x200_Tx_Data                       0x20000164   Data           8  drv_can.o(.data)
    CAN2_0x1ff_Tx_Data                       0x2000016c   Data           8  drv_can.o(.data)
    CAN2_0x200_Tx_Data                       0x20000174   Data           8  drv_can.o(.data)
    CAN1_0x2ff_Tx_Data                       0x2000017c   Data           8  drv_can.o(.data)
    CAN2_0x2ff_Tx_Data                       0x20000184   Data           8  drv_can.o(.data)
    hcan1                                    0x20000194   Data          40  can.o(.bss)
    hcan2                                    0x200001bc   Data          40  can.o(.bss)
    huart4                                   0x200001e4   Data          72  usart.o(.bss)
    huart7                                   0x2000022c   Data          72  usart.o(.bss)
    huart8                                   0x20000274   Data          72  usart.o(.bss)
    huart1                                   0x200002bc   Data          72  usart.o(.bss)
    huart2                                   0x20000304   Data          72  usart.o(.bss)
    huart3                                   0x2000034c   Data          72  usart.o(.bss)
    huart6                                   0x20000394   Data          72  usart.o(.bss)
    uart6_rx_line                            0x200003dc   Data          80  main.o(.bss)
    motor1                                   0x2000042c   Data         248  main.o(.bss)
    motor2                                   0x20000524   Data         248  main.o(.bss)
    motor3                                   0x2000061c   Data         248  main.o(.bss)
    motor4                                   0x20000714   Data         248  main.o(.bss)
    motor5                                   0x2000080c   Data         248  main.o(.bss)
    motor6                                   0x20000904   Data         248  main.o(.bss)
    motor7                                   0x200009fc   Data         248  main.o(.bss)
    motor8                                   0x20000af4   Data         248  main.o(.bss)
    motor9                                   0x20000bec   Data         248  main.o(.bss)
    motor10                                  0x20000ce4   Data         248  main.o(.bss)
    motor11                                  0x20000ddc   Data         248  main.o(.bss)
    motor12                                  0x20000ed4   Data         248  main.o(.bss)
    motor13                                  0x20000fcc   Data         248  main.o(.bss)
    motor14                                  0x200010c4   Data         248  main.o(.bss)
    motor15                                  0x200011bc   Data         248  main.o(.bss)
    CAN1_Manage_Object                       0x20001814   Data          44  drv_can.o(.bss)
    CAN2_Manage_Object                       0x20001840   Data          44  drv_can.o(.bss)
    UART1_Manage_Object                      0x2000186c   Data         524  drv_uart.o(.bss)
    UART2_Manage_Object                      0x20001a78   Data         524  drv_uart.o(.bss)
    UART3_Manage_Object                      0x20001c84   Data         524  drv_uart.o(.bss)
    UART4_Manage_Object                      0x20001e90   Data         524  drv_uart.o(.bss)
    UART5_Manage_Object                      0x2000209c   Data         524  drv_uart.o(.bss)
    UART6_Manage_Object                      0x200022a8   Data         524  drv_uart.o(.bss)
    UART7_Manage_Object                      0x200024b4   Data         524  drv_uart.o(.bss)
    UART8_Manage_Object                      0x200026c0   Data         524  drv_uart.o(.bss)
    mtf01_data                               0x20002960   Data          48  mtf01.o(.bss)
    __libspace_start                         0x20002a9c   Data          96  libspace.o(.bss)
    __temporary_stack_top$libspace           0x20002afc   Data           0  libspace.o(.bss)



==============================================================================

Memory Map of the image

  Image Entry point : 0x080001ad

  Load Region LR_IROM1 (Base: 0x08000000, Size: 0x00007dc8, Max: 0x00200000, ABSOLUTE, COMPRESSED[0x00007c48])

    Execution Region ER_IROM1 (Exec base: 0x08000000, Load base: 0x08000000, Size: 0x00007c34, Max: 0x00200000, ABSOLUTE)

    Exec Addr    Load Addr    Size         Type   Attr      Idx    E Section Name        Object

    0x08000000   0x08000000   0x000001ac   Data   RO            3    RESET               startup_stm32f427xx.o
    0x080001ac   0x080001ac   0x00000008   Code   RO         5160  * !!!main             c_w.l(__main.o)
    0x080001b4   0x080001b4   0x00000034   Code   RO         5424    !!!scatter          c_w.l(__scatter.o)
    0x080001e8   0x080001e8   0x0000003a   Code   RO         5422    !!dczerorl          c_w.l(__dczerorl.o)
    0x08000222   0x08000222   0x00000002   PAD
    0x08000224   0x08000224   0x0000001c   Code   RO         5426    !!handler_zi        c_w.l(__scatter_zi.o)
    0x08000240   0x08000240   0x00000002   Code   RO         5348    .ARM.Collect$$libinit$$00000000  c_w.l(libinit.o)
    0x08000242   0x08000242   0x00000004   Code   RO         5226    .ARM.Collect$$libinit$$00000001  c_w.l(libinit2.o)
    0x08000246   0x08000246   0x00000000   Code   RO         5229    .ARM.Collect$$libinit$$00000004  c_w.l(libinit2.o)
    0x08000246   0x08000246   0x00000000   Code   RO         5232    .ARM.Collect$$libinit$$0000000A  c_w.l(libinit2.o)
    0x08000246   0x08000246   0x00000000   Code   RO         5234    .ARM.Collect$$libinit$$0000000C  c_w.l(libinit2.o)
    0x08000246   0x08000246   0x00000000   Code   RO         5236    .ARM.Collect$$libinit$$0000000E  c_w.l(libinit2.o)
    0x08000246   0x08000246   0x00000006   Code   RO         5237    .ARM.Collect$$libinit$$0000000F  c_w.l(libinit2.o)
    0x0800024c   0x0800024c   0x00000000   Code   RO         5239    .ARM.Collect$$libinit$$00000011  c_w.l(libinit2.o)
    0x0800024c   0x0800024c   0x0000000c   Code   RO         5240    .ARM.Collect$$libinit$$00000012  c_w.l(libinit2.o)
    0x08000258   0x08000258   0x00000000   Code   RO         5241    .ARM.Collect$$libinit$$00000013  c_w.l(libinit2.o)
    0x08000258   0x08000258   0x00000000   Code   RO         5243    .ARM.Collect$$libinit$$00000015  c_w.l(libinit2.o)
    0x08000258   0x08000258   0x00000000   Code   RO         5245    .ARM.Collect$$libinit$$00000017  c_w.l(libinit2.o)
    0x08000258   0x08000258   0x00000000   Code   RO         5247    .ARM.Collect$$libinit$$00000019  c_w.l(libinit2.o)
    0x08000258   0x08000258   0x00000000   Code   RO         5249    .ARM.Collect$$libinit$$0000001B  c_w.l(libinit2.o)
    0x08000258   0x08000258   0x00000000   Code   RO         5251    .ARM.Collect$$libinit$$0000001D  c_w.l(libinit2.o)
    0x08000258   0x08000258   0x00000000   Code   RO         5253    .ARM.Collect$$libinit$$0000001F  c_w.l(libinit2.o)
    0x08000258   0x08000258   0x00000000   Code   RO         5255    .ARM.Collect$$libinit$$00000021  c_w.l(libinit2.o)
    0x08000258   0x08000258   0x00000000   Code   RO         5257    .ARM.Collect$$libinit$$00000023  c_w.l(libinit2.o)
    0x08000258   0x08000258   0x00000000   Code   RO         5259    .ARM.Collect$$libinit$$00000025  c_w.l(libinit2.o)
    0x08000258   0x08000258   0x00000000   Code   RO         5263    .ARM.Collect$$libinit$$0000002C  c_w.l(libinit2.o)
    0x08000258   0x08000258   0x00000000   Code   RO         5265    .ARM.Collect$$libinit$$0000002E  c_w.l(libinit2.o)
    0x08000258   0x08000258   0x00000000   Code   RO         5267    .ARM.Collect$$libinit$$00000030  c_w.l(libinit2.o)
    0x08000258   0x08000258   0x00000004   Code   RO         5268    .ARM.Collect$$libinit$$00000031  c_w.l(libinit2.o)
    0x0800025c   0x0800025c   0x00000000   Code   RO         5269    .ARM.Collect$$libinit$$00000032  c_w.l(libinit2.o)
    0x0800025c   0x0800025c   0x00000002   Code   RO         5270    .ARM.Collect$$libinit$$00000033  c_w.l(libinit2.o)
    0x0800025e   0x0800025e   0x00000002   Code   RO         5389    .ARM.Collect$$libshutdown$$00000000  c_w.l(libshutdown.o)
    0x08000260   0x08000260   0x00000000   Code   RO         5405    .ARM.Collect$$libshutdown$$00000002  c_w.l(libshutdown2.o)
    0x08000260   0x08000260   0x00000000   Code   RO         5407    .ARM.Collect$$libshutdown$$00000004  c_w.l(libshutdown2.o)
    0x08000260   0x08000260   0x00000000   Code   RO         5410    .ARM.Collect$$libshutdown$$00000007  c_w.l(libshutdown2.o)
    0x08000260   0x08000260   0x00000000   Code   RO         5413    .ARM.Collect$$libshutdown$$0000000A  c_w.l(libshutdown2.o)
    0x08000260   0x08000260   0x00000000   Code   RO         5415    .ARM.Collect$$libshutdown$$0000000C  c_w.l(libshutdown2.o)
    0x08000260   0x08000260   0x00000000   Code   RO         5418    .ARM.Collect$$libshutdown$$0000000F  c_w.l(libshutdown2.o)
    0x08000260   0x08000260   0x00000002   Code   RO         5419    .ARM.Collect$$libshutdown$$00000010  c_w.l(libshutdown2.o)
    0x08000262   0x08000262   0x00000000   Code   RO         5208    .ARM.Collect$$rtentry$$00000000  c_w.l(__rtentry.o)
    0x08000262   0x08000262   0x00000000   Code   RO         5301    .ARM.Collect$$rtentry$$00000002  c_w.l(__rtentry2.o)
    0x08000262   0x08000262   0x00000006   Code   RO         5313    .ARM.Collect$$rtentry$$00000004  c_w.l(__rtentry4.o)
    0x08000268   0x08000268   0x00000000   Code   RO         5303    .ARM.Collect$$rtentry$$00000009  c_w.l(__rtentry2.o)
    0x08000268   0x08000268   0x00000004   Code   RO         5304    .ARM.Collect$$rtentry$$0000000A  c_w.l(__rtentry2.o)
    0x0800026c   0x0800026c   0x00000000   Code   RO         5306    .ARM.Collect$$rtentry$$0000000C  c_w.l(__rtentry2.o)
    0x0800026c   0x0800026c   0x00000008   Code   RO         5307    .ARM.Collect$$rtentry$$0000000D  c_w.l(__rtentry2.o)
    0x08000274   0x08000274   0x00000002   Code   RO         5351    .ARM.Collect$$rtexit$$00000000  c_w.l(rtexit.o)
    0x08000276   0x08000276   0x00000000   Code   RO         5371    .ARM.Collect$$rtexit$$00000002  c_w.l(rtexit2.o)
    0x08000276   0x08000276   0x00000004   Code   RO         5372    .ARM.Collect$$rtexit$$00000003  c_w.l(rtexit2.o)
    0x0800027a   0x0800027a   0x00000006   Code   RO         5373    .ARM.Collect$$rtexit$$00000004  c_w.l(rtexit2.o)
    0x08000280   0x08000280   0x00000040   Code   RO            4    .text               startup_stm32f427xx.o
    0x080002c0   0x080002c0   0x000000ee   Code   RO         5146    .text               c_w.l(lludivv7m.o)
    0x080003ae   0x080003ae   0x00000070   Code   RO         5148    .text               c_w.l(strtol.o)
    0x0800041e   0x0800041e   0x00000096   Code   RO         5150    .text               c_w.l(strncmp.o)
    0x080004b4   0x080004b4   0x0000008a   Code   RO         5152    .text               c_w.l(rt_memcpy_v6.o)
    0x0800053e   0x0800053e   0x0000004e   Code   RO         5154    .text               c_w.l(rt_memclr_w.o)
    0x0800058c   0x0800058c   0x00000080   Code   RO         5156    .text               c_w.l(strcmpv7m.o)
    0x0800060c   0x0800060c   0x00000006   Code   RO         5158    .text               c_w.l(heapauxi.o)
    0x08000612   0x08000612   0x00000002   PAD
    0x08000614   0x08000614   0x00000024   Code   RO         5165    .text               c_w.l(init_aeabi.o)
    0x08000638   0x08000638   0x00000010   Code   RO         5209    .text               c_w.l(rt_ctype_table.o)
    0x08000648   0x08000648   0x00000008   Code   RO         5218    .text               c_w.l(rt_errno_addr_intlibspace.o)
    0x08000650   0x08000650   0x00000016   Code   RO         5220    .text               c_w.l(_rserrno.o)
    0x08000666   0x08000666   0x0000009e   Code   RO         5222    .text               c_w.l(_strtoul.o)
    0x08000704   0x08000704   0x00000064   Code   RO         5224    .text               c_w.l(rt_memcpy_w.o)
    0x08000768   0x08000768   0x00000008   Code   RO         5297    .text               c_w.l(libspace.o)
    0x08000770   0x08000770   0x00000008   Code   RO         5320    .text               c_w.l(rt_locale_intlibspace.o)
    0x08000778   0x08000778   0x0000001c   Code   RO         5322    .text               c_w.l(_chval.o)
    0x08000794   0x08000794   0x0000004a   Code   RO         5331    .text               c_w.l(sys_stackheap_outer.o)
    0x080007de   0x080007de   0x00000012   Code   RO         5333    .text               c_w.l(exit.o)
    0x080007f0   0x080007f0   0x0000000c   Code   RO         5365    .text               c_w.l(sys_exit.o)
    0x080007fc   0x080007fc   0x00000002   Code   RO         5367    .text               c_w.l(use_no_semi.o)
    0x080007fe   0x080007fe   0x00000000   Code   RO         5369    .text               c_w.l(indicate_semi.o)
    0x080007fe   0x080007fe   0x00000002   Code   RO          275    i.BusFault_Handler  stm32f4xx_it.o
    0x08000800   0x08000800   0x0000000c   Code   RO          276    i.CAN1_RX0_IRQHandler  stm32f4xx_it.o
    0x0800080c   0x0800080c   0x0000000c   Code   RO          277    i.CAN1_RX1_IRQHandler  stm32f4xx_it.o
    0x08000818   0x08000818   0x0000000c   Code   RO          278    i.CAN1_SCE_IRQHandler  stm32f4xx_it.o
    0x08000824   0x08000824   0x0000000c   Code   RO          279    i.CAN1_TX_IRQHandler  stm32f4xx_it.o
    0x08000830   0x08000830   0x0000000c   Code   RO          280    i.CAN2_RX0_IRQHandler  stm32f4xx_it.o
    0x0800083c   0x0800083c   0x0000000c   Code   RO          281    i.CAN2_RX1_IRQHandler  stm32f4xx_it.o
    0x08000848   0x08000848   0x0000000c   Code   RO          282    i.CAN2_SCE_IRQHandler  stm32f4xx_it.o
    0x08000854   0x08000854   0x0000000c   Code   RO          283    i.CAN2_TX_IRQHandler  stm32f4xx_it.o
    0x08000860   0x08000860   0x00000002   Code   RO          284    i.DebugMon_Handler  stm32f4xx_it.o
    0x08000862   0x08000862   0x00000004   Code   RO          490    i.Error_Handler     main.o
    0x08000866   0x08000866   0x000000e2   Code   RO         1071    i.HAL_CAN_AddTxMessage  stm32f4xx_hal_can.o
    0x08000948   0x08000948   0x00000110   Code   RO         1072    i.HAL_CAN_ConfigFilter  stm32f4xx_hal_can.o
    0x08000a58   0x08000a58   0x00000002   Code   RO         1075    i.HAL_CAN_ErrorCallback  stm32f4xx_hal_can.o
    0x08000a5a   0x08000a5a   0x00000112   Code   RO         1078    i.HAL_CAN_GetRxMessage  stm32f4xx_hal_can.o
    0x08000b6c   0x08000b6c   0x000001fc   Code   RO         1082    i.HAL_CAN_IRQHandler  stm32f4xx_hal_can.o
    0x08000d68   0x08000d68   0x00000152   Code   RO         1083    i.HAL_CAN_Init      stm32f4xx_hal_can.o
    0x08000eba   0x08000eba   0x00000002   PAD
    0x08000ebc   0x08000ebc   0x00000160   Code   RO          136    i.HAL_CAN_MspInit   can.o
    0x0800101c   0x0800101c   0x00000002   Code   RO         1090    i.HAL_CAN_RxFifo0FullCallback  stm32f4xx_hal_can.o
    0x0800101e   0x0800101e   0x00000002   PAD
    0x08001020   0x08001020   0x00000050   Code   RO         3639    i.HAL_CAN_RxFifo0MsgPendingCallback  drv_can.o
    0x08001070   0x08001070   0x00000002   Code   RO         1092    i.HAL_CAN_RxFifo1FullCallback  stm32f4xx_hal_can.o
    0x08001072   0x08001072   0x00000002   PAD
    0x08001074   0x08001074   0x00000050   Code   RO         3640    i.HAL_CAN_RxFifo1MsgPendingCallback  drv_can.o
    0x080010c4   0x080010c4   0x00000002   Code   RO         1094    i.HAL_CAN_SleepCallback  stm32f4xx_hal_can.o
    0x080010c6   0x080010c6   0x00000058   Code   RO         1095    i.HAL_CAN_Start     stm32f4xx_hal_can.o
    0x0800111e   0x0800111e   0x00000002   Code   RO         1097    i.HAL_CAN_TxMailbox0AbortCallback  stm32f4xx_hal_can.o
    0x08001120   0x08001120   0x00000002   Code   RO         1098    i.HAL_CAN_TxMailbox0CompleteCallback  stm32f4xx_hal_can.o
    0x08001122   0x08001122   0x00000002   Code   RO         1099    i.HAL_CAN_TxMailbox1AbortCallback  stm32f4xx_hal_can.o
    0x08001124   0x08001124   0x00000002   Code   RO         1100    i.HAL_CAN_TxMailbox1CompleteCallback  stm32f4xx_hal_can.o
    0x08001126   0x08001126   0x00000002   Code   RO         1101    i.HAL_CAN_TxMailbox2AbortCallback  stm32f4xx_hal_can.o
    0x08001128   0x08001128   0x00000002   Code   RO         1102    i.HAL_CAN_TxMailbox2CompleteCallback  stm32f4xx_hal_can.o
    0x0800112a   0x0800112a   0x00000002   Code   RO         1104    i.HAL_CAN_WakeUpFromRxMsgCallback  stm32f4xx_hal_can.o
    0x0800112c   0x0800112c   0x0000008e   Code   RO         1975    i.HAL_DMA_Abort     stm32f4xx_hal_dma.o
    0x080011ba   0x080011ba   0x00000024   Code   RO         1976    i.HAL_DMA_Abort_IT  stm32f4xx_hal_dma.o
    0x080011de   0x080011de   0x0000006e   Code   RO         1985    i.HAL_DMA_Start_IT  stm32f4xx_hal_dma.o
    0x0800124c   0x0800124c   0x000001ec   Code   RO         1859    i.HAL_GPIO_Init     stm32f4xx_hal_gpio.o
    0x08001438   0x08001438   0x0000000e   Code   RO         1863    i.HAL_GPIO_WritePin  stm32f4xx_hal_gpio.o
    0x08001446   0x08001446   0x00000002   PAD
    0x08001448   0x08001448   0x0000000c   Code   RO         2504    i.HAL_GetTick       stm32f4xx_hal.o
    0x08001454   0x08001454   0x00000010   Code   RO         2510    i.HAL_IncTick       stm32f4xx_hal.o
    0x08001464   0x08001464   0x00000034   Code   RO         2511    i.HAL_Init          stm32f4xx_hal.o
    0x08001498   0x08001498   0x00000044   Code   RO         2512    i.HAL_InitTick      stm32f4xx_hal.o
    0x080014dc   0x080014dc   0x00000030   Code   RO          465    i.HAL_MspInit       stm32f4xx_hal_msp.o
    0x0800150c   0x0800150c   0x0000001a   Code   RO         2322    i.HAL_NVIC_EnableIRQ  stm32f4xx_hal_cortex.o
    0x08001526   0x08001526   0x00000002   PAD
    0x08001528   0x08001528   0x00000040   Code   RO         2328    i.HAL_NVIC_SetPriority  stm32f4xx_hal_cortex.o
    0x08001568   0x08001568   0x00000024   Code   RO         2329    i.HAL_NVIC_SetPriorityGrouping  stm32f4xx_hal_cortex.o
    0x0800158c   0x0800158c   0x00000074   Code   RO         2239    i.HAL_PWREx_EnableOverDrive  stm32f4xx_hal_pwr_ex.o
    0x08001600   0x08001600   0x0000014c   Code   RO         1340    i.HAL_RCC_ClockConfig  stm32f4xx_hal_rcc.o
    0x0800174c   0x0800174c   0x0000000c   Code   RO         1345    i.HAL_RCC_GetHCLKFreq  stm32f4xx_hal_rcc.o
    0x08001758   0x08001758   0x00000020   Code   RO         1347    i.HAL_RCC_GetPCLK1Freq  stm32f4xx_hal_rcc.o
    0x08001778   0x08001778   0x00000020   Code   RO         1348    i.HAL_RCC_GetPCLK2Freq  stm32f4xx_hal_rcc.o
    0x08001798   0x08001798   0x0000006c   Code   RO         1349    i.HAL_RCC_GetSysClockFreq  stm32f4xx_hal_rcc.o
    0x08001804   0x08001804   0x000003c0   Code   RO         1352    i.HAL_RCC_OscConfig  stm32f4xx_hal_rcc.o
    0x08001bc4   0x08001bc4   0x00000028   Code   RO         2333    i.HAL_SYSTICK_Config  stm32f4xx_hal_cortex.o
    0x08001bec   0x08001bec   0x00000052   Code   RO         2807    i.HAL_UARTEx_ReceiveToIdle_DMA  stm32f4xx_hal_uart.o
    0x08001c3e   0x08001c3e   0x00000002   PAD
    0x08001c40   0x08001c40   0x00000168   Code   RO         3819    i.HAL_UARTEx_RxEventCallback  drv_uart.o
    0x08001da8   0x08001da8   0x00000002   Code   RO         2823    i.HAL_UART_ErrorCallback  stm32f4xx_hal_uart.o
    0x08001daa   0x08001daa   0x00000002   PAD
    0x08001dac   0x08001dac   0x00000248   Code   RO         2826    i.HAL_UART_IRQHandler  stm32f4xx_hal_uart.o
    0x08001ff4   0x08001ff4   0x00000066   Code   RO         2827    i.HAL_UART_Init     stm32f4xx_hal_uart.o
    0x0800205a   0x0800205a   0x00000002   PAD
    0x0800205c   0x0800205c   0x000002b8   Code   RO          189    i.HAL_UART_MspInit  usart.o
    0x08002314   0x08002314   0x0000001c   Code   RO         2832    i.HAL_UART_Receive_IT  stm32f4xx_hal_uart.o
    0x08002330   0x08002330   0x0000018c   Code   RO          491    i.HAL_UART_RxCpltCallback  main.o
    0x080024bc   0x080024bc   0x00000002   Code   RO         2834    i.HAL_UART_RxHalfCpltCallback  stm32f4xx_hal_uart.o
    0x080024be   0x080024be   0x00000032   Code   RO         2837    i.HAL_UART_Transmit_IT  stm32f4xx_hal_uart.o
    0x080024f0   0x080024f0   0x00000020   Code   RO          492    i.HAL_UART_TxCpltCallback  main.o
    0x08002510   0x08002510   0x00000002   Code   RO          285    i.HardFault_Handler  stm32f4xx_it.o
    0x08002512   0x08002512   0x00000002   PAD
    0x08002514   0x08002514   0x00000044   Code   RO          137    i.MX_CAN1_Init      can.o
    0x08002558   0x08002558   0x00000044   Code   RO          138    i.MX_CAN2_Init      can.o
    0x0800259c   0x0800259c   0x000000d8   Code   RO           13    i.MX_GPIO_Init      gpio.o
    0x08002674   0x08002674   0x00000038   Code   RO          190    i.MX_UART4_Init     usart.o
    0x080026ac   0x080026ac   0x00000038   Code   RO          191    i.MX_UART7_Init     usart.o
    0x080026e4   0x080026e4   0x00000038   Code   RO          192    i.MX_UART8_Init     usart.o
    0x0800271c   0x0800271c   0x00000040   Code   RO          193    i.MX_USART1_UART_Init  usart.o
    0x0800275c   0x0800275c   0x00000038   Code   RO          195    i.MX_USART3_UART_Init  usart.o
    0x08002794   0x08002794   0x00000038   Code   RO          196    i.MX_USART6_UART_Init  usart.o
    0x080027cc   0x080027cc   0x00000002   Code   RO          286    i.MemManage_Handler  stm32f4xx_it.o
    0x080027ce   0x080027ce   0x00000002   Code   RO          287    i.NMI_Handler       stm32f4xx_it.o
    0x080027d0   0x080027d0   0x00000002   Code   RO          288    i.PendSV_Handler    stm32f4xx_it.o
    0x080027d2   0x080027d2   0x00000002   Code   RO          289    i.SVC_Handler       stm32f4xx_it.o
    0x080027d4   0x080027d4   0x00000004   Code   RO          290    i.SysTick_Handler   stm32f4xx_it.o
    0x080027d8   0x080027d8   0x00000010   Code   RO         3233    i.SystemInit        system_stm32f4xx.o
    0x080027e8   0x080027e8   0x0000000c   Code   RO          291    i.UART4_IRQHandler  stm32f4xx_it.o
    0x080027f4   0x080027f4   0x0000000c   Code   RO          292    i.UART7_IRQHandler  stm32f4xx_it.o
    0x08002800   0x08002800   0x0000000c   Code   RO          293    i.UART8_IRQHandler  stm32f4xx_it.o
    0x0800280c   0x0800280c   0x000000a4   Code   RO         2840    i.UART_Start_Receive_DMA  stm32f4xx_hal_uart.o
    0x080028b0   0x080028b0   0x00000038   Code   RO         2841    i.UART_Start_Receive_IT  stm32f4xx_hal_uart.o
    0x080028e8   0x080028e8   0x0000000c   Code   RO          294    i.USART1_IRQHandler  stm32f4xx_it.o
    0x080028f4   0x080028f4   0x0000000c   Code   RO          295    i.USART2_IRQHandler  stm32f4xx_it.o
    0x08002900   0x08002900   0x0000000c   Code   RO          296    i.USART3_IRQHandler  stm32f4xx_it.o
    0x0800290c   0x0800290c   0x0000000c   Code   RO          297    i.USART6_IRQHandler  stm32f4xx_it.o
    0x08002918   0x08002918   0x00000002   Code   RO          298    i.UsageFault_Handler  stm32f4xx_it.o
    0x0800291a   0x0800291a   0x00000002   PAD
    0x0800291c   0x0800291c   0x00000010   Code   RO         3513    i._Z11BSP_DC24_LD20Enum_BSP_DC24_Status  drv_bsp.o
    0x0800292c   0x0800292c   0x00000010   Code   RO         3514    i._Z11BSP_DC24_LU20Enum_BSP_DC24_Status  drv_bsp.o
    0x0800293c   0x0800293c   0x00000010   Code   RO         3515    i._Z11BSP_DC24_RD20Enum_BSP_DC24_Status  drv_bsp.o
    0x0800294c   0x0800294c   0x00000010   Code   RO         3516    i._Z11BSP_DC24_RU20Enum_BSP_DC24_Status  drv_bsp.o
    0x0800295c   0x0800295c   0x0000001c   Code   RO         3641    i._Z13CAN_Send_DataP17CAN_HandleTypeDeftPht  drv_can.o
    0x08002978   0x08002978   0x000000c8   Code   RO         4604    i._Z13hwt101_decodeh  hwt101.o
    0x08002a40   0x08002a40   0x00000064   Code   RO          493    i._Z14CAN1_Call_BackP20Struct_CAN_Rx_Buffer  main.o
    0x08002aa4   0x08002aa4   0x00000084   Code   RO          494    i._Z14CAN2_Call_BackP20Struct_CAN_Rx_Buffer  main.o
    0x08002b28   0x08002b28   0x00000038   Code   RO         4605    i._Z14angle_diff_degff  hwt101.o
    0x08002b60   0x08002b60   0x00000188   Code   RO          495    i._Z14motor_can_initv  main.o
    0x08002ce8   0x08002ce8   0x00000458   Code   RO          496    i._Z14motor_pid_initv  main.o
    0x08003140   0x08003140   0x000000c4   Code   RO          497    i._Z14motor_pid_taskv  main.o
    0x08003204   0x08003204   0x00000058   Code   RO          498    i._Z14uart_init_taskv  main.o
    0x0800325c   0x0800325c   0x0000002c   Code   RO         4606    i._Z15hwt101_is_validv  hwt101.o
    0x08003288   0x08003288   0x00000554   Code   RO          499    i._Z15uart6_cmd_parsePc  main.o
    0x080037dc   0x080037dc   0x000000c0   Code   RO         3872    i._Z16allocate_tx_dataP17CAN_HandleTypeDef17Enum_CAN_Motor_ID  dvc_motor.o
    0x0800389c   0x0800389c   0x00000098   Code   RO         4756    i._Z17action_group_stopv  action_group.o
    0x08003934   0x08003934   0x0000006c   Code   RO         4757    i._Z17action_group_taskv  action_group.o
    0x080039a0   0x080039a0   0x00000002   Code   RO          500    i._Z17sbus_chassis_taskv  main.o
    0x080039a2   0x080039a2   0x00000002   PAD
    0x080039a4   0x080039a4   0x000000a0   Code   RO          501    i._Z18SystemClock_Configv  main.o
    0x08003a44   0x08003a44   0x000000b4   Code   RO         4758    i._Z18action_group_starth  action_group.o
    0x08003af8   0x08003af8   0x00000018   Code   RO         4608    i._Z18hwt101_get_yaw_degv  hwt101.o
    0x08003b10   0x08003b10   0x00000160   Code   RO          502    i._Z18lift1_control_taskv  main.o
    0x08003c70   0x08003c70   0x000000ac   Code   RO          503    i._Z18lift2_control_taskv  main.o
    0x08003d1c   0x08003d1c   0x000000dc   Code   RO          504    i._Z18lift3_control_taskv  main.o
    0x08003df8   0x08003df8   0x0000003e   Code   RO         4562    i._Z18micolink_check_sumP14MICOLINK_MSG_t  mtf01.o
    0x08003e36   0x08003e36   0x00000002   Code   RO          505    i._Z18uart2_forward_taskv  main.o
    0x08003e38   0x08003e38   0x000000b0   Code   RO         4563    i._Z19micolink_parse_charP14MICOLINK_MSG_th  mtf01.o
    0x08003ee8   0x08003ee8   0x00000098   Code   RO         4696    i._Z19side_distance_starthf  distance_control.o
    0x08003f80   0x08003f80   0x00000088   Code   RO          506    i._Z19uart6_feedback_taskv  main.o
    0x08004008   0x08004008   0x00000058   Code   RO          507    i._Z20can2_2006_angle_taskv  main.o
    0x08004060   0x08004060   0x00000200   Code   RO          508    i._Z20chassis_control_taskv  main.o
    0x08004260   0x08004260   0x0000003e   Code   RO         3642    i._Z22CAN_Filter_Mask_ConfigP17CAN_HandleTypeDefhjj  drv_can.o
    0x0800429e   0x0800429e   0x00000002   PAD
    0x080042a0   0x080042a0   0x00000074   Code   RO         4697    i._Z22chassis_distance_starthf  distance_control.o
    0x08004314   0x08004314   0x000000d4   Code   RO         4609    i._Z22chassis_gyro_turn_taskv  hwt101.o
    0x080043e8   0x080043e8   0x0000013c   Code   RO          510    i._Z23chassis_feedback_updatev  main.o
    0x08004524   0x08004524   0x00000124   Code   RO          511    i._Z23side_wheel_control_taskv  main.o
    0x08004648   0x08004648   0x00000050   Code   RO         4698    i._Z24side_distance_select_mtfh  distance_control.o
    0x08004698   0x08004698   0x00000260   Code   RO         4699    i._Z26side_distance_control_taskv  distance_control.o
    0x080048f8   0x080048f8   0x00000240   Code   RO          512    i._Z27chassis_drive_pid_use_climbh  main.o
    0x08004b38   0x08004b38   0x00000074   Code   RO         3643    i._Z29TIM_CAN_PeriodElapsedCallbackv  drv_can.o
    0x08004bac   0x08004bac   0x000001e8   Code   RO         4700    i._Z29chassis_distance_control_taskv  distance_control.o
    0x08004d94   0x08004d94   0x0000000c   Code   RO          513    i._Z35chassis_drive_pid_restore_requestedv  main.o
    0x08004da0   0x08004da0   0x0000008c   Code   RO         3517    i._Z8BSP_Initjff    drv_bsp.o
    0x08004e2c   0x08004e2c   0x00000084   Code   RO         3644    i._Z8CAN_InitP17CAN_HandleTypeDefPFvP20Struct_CAN_Rx_BufferE  drv_can.o
    0x08004eb0   0x08004eb0   0x00000010   Code   RO         3518    i._Z9BSP_LED_119Enum_BSP_LED_Status  drv_bsp.o
    0x08004ec0   0x08004ec0   0x00000010   Code   RO         3519    i._Z9BSP_LED_219Enum_BSP_LED_Status  drv_bsp.o
    0x08004ed0   0x08004ed0   0x00000010   Code   RO         3520    i._Z9BSP_LED_319Enum_BSP_LED_Status  drv_bsp.o
    0x08004ee0   0x08004ee0   0x00000010   Code   RO         3521    i._Z9BSP_LED_419Enum_BSP_LED_Status  drv_bsp.o
    0x08004ef0   0x08004ef0   0x00000010   Code   RO         3522    i._Z9BSP_LED_519Enum_BSP_LED_Status  drv_bsp.o
    0x08004f00   0x08004f00   0x00000010   Code   RO         3523    i._Z9BSP_LED_619Enum_BSP_LED_Status  drv_bsp.o
    0x08004f10   0x08004f10   0x00000010   Code   RO         3524    i._Z9BSP_LED_719Enum_BSP_LED_Status  drv_bsp.o
    0x08004f20   0x08004f20   0x00000010   Code   RO         3525    i._Z9BSP_LED_819Enum_BSP_LED_Status  drv_bsp.o
    0x08004f30   0x08004f30   0x00000010   Code   RO         3526    i._Z9BSP_LED_G19Enum_BSP_LED_Status  drv_bsp.o
    0x08004f40   0x08004f40   0x00000010   Code   RO         3527    i._Z9BSP_LED_R19Enum_BSP_LED_Status  drv_bsp.o
    0x08004f50   0x08004f50   0x00000228   Code   RO          514    i._Z9omni_movefff   main.o
    0x08005178   0x08005178   0x00000006   Code   RO         3880    i._ZN16Class_Motor_C61016Set_Target_OmegaEf  dvc_motor.o
    0x0800517e   0x0800517e   0x00000006   Code   RO         3882    i._ZN16Class_Motor_C61017Set_Target_TorqueEf  dvc_motor.o
    0x08005184   0x08005184   0x000000c4   Code   RO         3883    i._ZN16Class_Motor_C61018CAN_RxCpltCallbackEPh  dvc_motor.o
    0x08005248   0x08005248   0x00000006   Code   RO         3885    i._ZN16Class_Motor_C61018Set_Control_MethodE19Enum_Control_Method  dvc_motor.o
    0x0800524e   0x0800524e   0x00000002   PAD
    0x08005250   0x08005250   0x000000ec   Code   RO         3888    i._ZN16Class_Motor_C61029TIM_PID_PeriodElapsedCallbackEv  dvc_motor.o
    0x0800533c   0x0800533c   0x00000050   Code   RO         3890    i._ZN16Class_Motor_C6104InitEP17CAN_HandleTypeDef17Enum_CAN_Motor_ID19Enum_Control_Methodff  dvc_motor.o
    0x0800538c   0x0800538c   0x00000026   Code   RO         3891    i._ZN16Class_Motor_C6106OutputEv  dvc_motor.o
    0x080053b2   0x080053b2   0x00000006   Code   RO         3893    i._ZN16Class_Motor_C6107Set_OutEf  dvc_motor.o
    0x080053b8   0x080053b8   0x0000007c   Code   RO          978    i._ZN16Class_Motor_C610C1Ev  main.o
    0x08005434   0x08005434   0x00000006   Code   RO         3894    i._ZN16Class_Motor_C62013Get_Now_AngleEv  dvc_motor.o
    0x0800543a   0x0800543a   0x00000006   Code   RO         3895    i._ZN16Class_Motor_C62013Get_Now_OmegaEv  dvc_motor.o
    0x08005440   0x08005440   0x00000006   Code   RO         3900    i._ZN16Class_Motor_C62016Set_Target_AngleEf  dvc_motor.o
    0x08005446   0x08005446   0x00000002   PAD
    0x08005448   0x08005448   0x000000c4   Code   RO         3904    i._ZN16Class_Motor_C62018CAN_RxCpltCallbackEPh  dvc_motor.o
    0x0800550c   0x0800550c   0x000000ec   Code   RO         3909    i._ZN16Class_Motor_C62029TIM_PID_PeriodElapsedCallbackEv  dvc_motor.o
    0x080055f8   0x080055f8   0x00000050   Code   RO         3911    i._ZN16Class_Motor_C6204InitEP17CAN_HandleTypeDef17Enum_CAN_Motor_ID19Enum_Control_Methodff  dvc_motor.o
    0x08005648   0x08005648   0x00000026   Code   RO         3912    i._ZN16Class_Motor_C6206OutputEv  dvc_motor.o
    0x0800566e   0x0800566e   0x00000006   Code   RO         3914    i._ZN16Class_Motor_C6207Set_OutEf  dvc_motor.o
    0x08005674   0x08005674   0x0000007c   Code   RO          981    i._ZN16Class_Motor_C620C1Ev  main.o
    0x080056f0   0x080056f0   0x00000010   Code   RO          515    i._ZN29_INTERNAL_8_main_cpp_39eb055b13chassis_abs_fEf  main.o
    0x08005700   0x08005700   0x00000024   Code   RO          516    i._ZN29_INTERNAL_8_main_cpp_39eb055b13uart3_tx_taskEv  main.o
    0x08005724   0x08005724   0x000000b0   Code   RO          517    i._ZN29_INTERNAL_8_main_cpp_39eb055b14chassis_ramp_fEffff  main.o
    0x080057d4   0x080057d4   0x0000001c   Code   RO          518    i._ZN29_INTERNAL_8_main_cpp_39eb055b14flip_servo_setEt  main.o
    0x080057f0   0x080057f0   0x00000060   Code   RO          520    i._ZN29_INTERNAL_8_main_cpp_39eb055b16uart3_tx_enqueueEPKht  main.o
    0x08005850   0x08005850   0x00000008   Code   RO          521    i._ZN29_INTERNAL_8_main_cpp_39eb055b17bus_servo_tx_nextEh  main.o
    0x08005858   0x08005858   0x0000002e   Code   RO          522    i._ZN29_INTERNAL_8_main_cpp_39eb055b17gripper_servo_setEh  main.o
    0x08005886   0x08005886   0x00000002   PAD
    0x08005888   0x08005888   0x0000002c   Code   RO          523    i._ZN29_INTERNAL_8_main_cpp_39eb055b17uart3_tx_done_isrEv  main.o
    0x080058b4   0x080058b4   0x00000054   Code   RO          525    i._ZN29_INTERNAL_8_main_cpp_39eb055b18uart3_tx_try_startEv  main.o
    0x08005908   0x08005908   0x00000050   Code   RO          526    i._ZN29_INTERNAL_8_main_cpp_39eb055b19chassis_cmd_nonzeroEfff  main.o
    0x08005958   0x08005958   0x000000a0   Code   RO          527    i._ZN29_INTERNAL_8_main_cpp_39eb055b20chassis_cmd_zero_nowEv  main.o
    0x080059f8   0x080059f8   0x0000001c   Code   RO          528    i._ZN29_INTERNAL_8_main_cpp_39eb055b20flip_servo_boot_initEv  main.o
    0x08005a14   0x08005a14   0x00000040   Code   RO          529    i._ZN29_INTERNAL_8_main_cpp_39eb055b20flip_servo_boot_taskEv  main.o
    0x08005a54   0x08005a54   0x00000040   Code   RO          530    i._ZN29_INTERNAL_8_main_cpp_39eb055b22chassis_force_lock_nowEv  main.o
    0x08005a94   0x08005a94   0x00000010   Code   RO          531    i._ZN29_INTERNAL_8_main_cpp_39eb055b22flip_servo_boot_cancelEv  main.o
    0x08005aa4   0x08005aa4   0x00000012   Code   RO          532    i._ZN29_INTERNAL_8_main_cpp_39eb055b23action_id_locks_chassisEh  main.o
    0x08005ab6   0x08005ab6   0x00000002   PAD
    0x08005ab8   0x08005ab8   0x00000048   Code   RO          533    i._ZN29_INTERNAL_8_main_cpp_39eb055b23bus_servo_uart4_enqueueEPKh  main.o
    0x08005b00   0x08005b00   0x00000024   Code   RO          534    i._ZN29_INTERNAL_8_main_cpp_39eb055b23bus_servo_uart4_tx_taskEv  main.o
    0x08005b24   0x08005b24   0x00000034   Code   RO          535    i._ZN29_INTERNAL_8_main_cpp_39eb055b23chassis_vel_fb_deadbandEf  main.o
    0x08005b58   0x08005b58   0x0000001c   Code   RO          536    i._ZN29_INTERNAL_8_main_cpp_39eb055b23gripper_servo_boot_initEv  main.o
    0x08005b74   0x08005b74   0x0000003c   Code   RO          537    i._ZN29_INTERNAL_8_main_cpp_39eb055b23gripper_servo_boot_taskEv  main.o
    0x08005bb0   0x08005bb0   0x00000010   Code   RO          538    i._ZN29_INTERNAL_8_main_cpp_39eb055b23host_action_id_to_localEh  main.o
    0x08005bc0   0x08005bc0   0x0000005c   Code   RO          539    i._ZN29_INTERNAL_8_main_cpp_39eb055b24gripper_pick_action_taskEv  main.o
    0x08005c1c   0x08005c1c   0x0000006c   Code   RO          540    i._ZN29_INTERNAL_8_main_cpp_39eb055b25bus_servo_move_time_writeEhtt  main.o
    0x08005c88   0x08005c88   0x0000004c   Code   RO          541    i._ZN29_INTERNAL_8_main_cpp_39eb055b25bus_servo_uart4_try_startEv  main.o
    0x08005cd4   0x08005cd4   0x00000048   Code   RO          542    i._ZN29_INTERNAL_8_main_cpp_39eb055b25gripper_pick_action_startEv  main.o
    0x08005d1c   0x08005d1c   0x00000010   Code   RO          543    i._ZN29_INTERNAL_8_main_cpp_39eb055b25gripper_servo_boot_cancelEv  main.o
    0x08005d2c   0x08005d2c   0x00000030   Code   RO          544    i._ZN29_INTERNAL_8_main_cpp_39eb055b27bus_servo_uart4_tx_done_isrEv  main.o
    0x08005d5c   0x08005d5c   0x00000006   Code   RO          545    i._ZN29_INTERNAL_8_main_cpp_39eb055b27gripper_pick_action_wait_msEv  main.o
    0x08005d62   0x08005d62   0x00000002   PAD
    0x08005d64   0x08005d64   0x00000058   Code   RO          546    i._ZN29_INTERNAL_8_main_cpp_39eb055b27gripper_release_action_taskEv  main.o
    0x08005dbc   0x08005dbc   0x0000002c   Code   RO          547    i._ZN29_INTERNAL_8_main_cpp_39eb055b28flip_servo_position_from_cmdEiPt  main.o
    0x08005de8   0x08005de8   0x00000048   Code   RO          548    i._ZN29_INTERNAL_8_main_cpp_39eb055b28gripper_release_action_startEv  main.o
    0x08005e30   0x08005e30   0x0000021c   Code   RO          549    i._ZN29_INTERNAL_8_main_cpp_39eb055b30chassis_flow_lateral_hold_mm_sEv  main.o
    0x0800604c   0x0800604c   0x00000024   Code   RO          550    i._ZN29_INTERNAL_8_main_cpp_39eb055b32chassis_force_lock_ignore_activeEv  main.o
    0x08006070   0x08006070   0x00000008   Code   RO         4611    i._ZN32_INTERNAL_10_hwt101_cpp_dcbe3d1f10hwt101_i16Ehh  hwt101.o
    0x08006078   0x08006078   0x0000000c   Code   RO         4912    i._ZN32_INTERNAL_10_protocol_c_75d4c91c15checksum_updateEhh  protocol.o
    0x08006084   0x08006084   0x0000002c   Code   RO         4760    i._ZN38_INTERNAL_16_action_group_cpp_a9aa5b1c11action_failEv  action_group.o
    0x080060b0   0x080060b0   0x0000000e   Code   RO         4761    i._ZN38_INTERNAL_16_action_group_cpp_a9aa5b1c15action_is_blockEh  action_group.o
    0x080060be   0x080060be   0x00000018   Code   RO         4762    i._ZN38_INTERNAL_16_action_group_cpp_a9aa5b1c15action_is_climbEh  action_group.o
    0x080060d6   0x080060d6   0x00000002   PAD
    0x080060d8   0x080060d8   0x00000074   Code   RO         4763    i._ZN38_INTERNAL_16_action_group_cpp_a9aa5b1c15block_pick_taskEh  action_group.o
    0x0800614c   0x0800614c   0x0000005c   Code   RO         4764    i._ZN38_INTERNAL_16_action_group_cpp_a9aa5b1c15block_suck_taskEv  action_group.o
    0x080061a8   0x080061a8   0x00000018   Code   RO         4765    i._ZN38_INTERNAL_16_action_group_cpp_a9aa5b1c16action_next_stepEh  action_group.o
    0x080061c0   0x080061c0   0x00000010   Code   RO         4766    i._ZN38_INTERNAL_16_action_group_cpp_a9aa5b1c16block_gpio_resetEv  action_group.o
    0x080061d0   0x080061d0   0x000000ac   Code   RO         4767    i._ZN38_INTERNAL_16_action_group_cpp_a9aa5b1c16block_place_taskEv  action_group.o
    0x0800627c   0x0800627c   0x000000dc   Code   RO         4768    i._ZN38_INTERNAL_16_action_group_cpp_a9aa5b1c16block_store_taskEv  action_group.o
    0x08006358   0x08006358   0x00000018   Code   RO         4769    i._ZN38_INTERNAL_16_action_group_cpp_a9aa5b1c17action_done_afterEj  action_group.o
    0x08006370   0x08006370   0x00000044   Code   RO         4770    i._ZN38_INTERNAL_16_action_group_cpp_a9aa5b1c17block_action_taskEv  action_group.o
    0x080063b4   0x080063b4   0x00000310   Code   RO         4771    i._ZN38_INTERNAL_16_action_group_cpp_a9aa5b1c17climb_action_taskEv  action_group.o
    0x080066c4   0x080066c4   0x00000012   Code   RO         4772    i._ZN38_INTERNAL_16_action_group_cpp_a9aa5b1c18action_id_is_validEh  action_group.o
    0x080066d6   0x080066d6   0x00000002   PAD
    0x080066d8   0x080066d8   0x00000020   Code   RO         4773    i._ZN38_INTERNAL_16_action_group_cpp_a9aa5b1c19action_step_elapsedEj  action_group.o
    0x080066f8   0x080066f8   0x0000000c   Code   RO         4774    i._ZN38_INTERNAL_16_action_group_cpp_a9aa5b1c20lift3_set_height_cmdEh  action_group.o
    0x08006704   0x08006704   0x0000009c   Code   RO         4775    i._ZN38_INTERNAL_16_action_group_cpp_a9aa5b1c25confront_block_place_taskEv  action_group.o
    0x080067a0   0x080067a0   0x00000098   Code   RO         4776    i._ZN38_INTERNAL_16_action_group_cpp_a9aa5b1c27block_take_out_storage_taskEv  action_group.o
    0x08006838   0x08006838   0x0000002a   Code   RO         1987    i._ZN41_INTERNAL_19_stm32f4xx_hal_dma_c_c25f65ec13DMA_SetConfigEP19__DMA_HandleTypeDefjjj  stm32f4xx_hal_dma.o
    0x08006862   0x08006862   0x0000004a   Code   RO         2842    i._ZN42_INTERNAL_20_stm32f4xx_hal_uart_c_d497114f13UART_DMAErrorEP19__DMA_HandleTypeDef  stm32f4xx_hal_uart.o
    0x080068ac   0x080068ac   0x00000114   Code   RO         2843    i._ZN42_INTERNAL_20_stm32f4xx_hal_uart_c_d497114f14UART_SetConfigEP20__UART_HandleTypeDef  stm32f4xx_hal_uart.o
    0x080069c0   0x080069c0   0x000000c8   Code   RO         2844    i._ZN42_INTERNAL_20_stm32f4xx_hal_uart_c_d497114f15UART_Receive_ITEP20__UART_HandleTypeDef  stm32f4xx_hal_uart.o
    0x08006a88   0x08006a88   0x0000005e   Code   RO         2845    i._ZN42_INTERNAL_20_stm32f4xx_hal_uart_c_d497114f16UART_Transmit_ITEP20__UART_HandleTypeDef  stm32f4xx_hal_uart.o
    0x08006ae6   0x08006ae6   0x0000001e   Code   RO         2846    i._ZN42_INTERNAL_20_stm32f4xx_hal_uart_c_d497114f18UART_DMARxHalfCpltEP19__DMA_HandleTypeDef  stm32f4xx_hal_uart.o
    0x08006b04   0x08006b04   0x0000004e   Code   RO         2848    i._ZN42_INTERNAL_20_stm32f4xx_hal_uart_c_d497114f18UART_EndRxTransferEP20__UART_HandleTypeDef  stm32f4xx_hal_uart.o
    0x08006b52   0x08006b52   0x0000001c   Code   RO         2849    i._ZN42_INTERNAL_20_stm32f4xx_hal_uart_c_d497114f18UART_EndTxTransferEP20__UART_HandleTypeDef  stm32f4xx_hal_uart.o
    0x08006b6e   0x08006b6e   0x00000086   Code   RO         2850    i._ZN42_INTERNAL_20_stm32f4xx_hal_uart_c_d497114f19UART_DMAReceiveCpltEP19__DMA_HandleTypeDef  stm32f4xx_hal_uart.o
    0x08006bf4   0x08006bf4   0x0000001a   Code   RO         2851    i._ZN42_INTERNAL_20_stm32f4xx_hal_uart_c_d497114f19UART_EndTransmit_ITEP20__UART_HandleTypeDef  stm32f4xx_hal_uart.o
    0x08006c0e   0x08006c0e   0x0000000e   Code   RO         2852    i._ZN42_INTERNAL_20_stm32f4xx_hal_uart_c_d497114f20UART_DMAAbortOnErrorEP19__DMA_HandleTypeDef  stm32f4xx_hal_uart.o
    0x08006c1c   0x08006c1c   0x00000020   Code   RO         2335    i._ZN44_INTERNAL_22_stm32f4xx_hal_cortex_c_2992dbc018__NVIC_SetPriorityE9IRQn_Typej  stm32f4xx_hal_cortex.o
    0x08006c3c   0x08006c3c   0x00000006   Code   RO         3373    i._ZN9Class_PID10Set_TargetEf  alg_pid.o
    0x08006c42   0x08006c42   0x00000002   PAD
    0x08006c44   0x08006c44   0x000001c4   Code   RO         3381    i._ZN9Class_PID32TIM_Adjust_PeriodElapsedCallbackEv  alg_pid.o
    0x08006e08   0x08006e08   0x00000030   Code   RO         3382    i._ZN9Class_PID4InitEfffffffffff16Enum_PID_D_First  alg_pid.o
    0x08006e38   0x08006e38   0x00000006   Code   RO         3383    i._ZN9Class_PID7Get_OutEv  alg_pid.o
    0x08006e3e   0x08006e3e   0x00000006   Code   RO         3388    i._ZN9Class_PID7Set_NowEf  alg_pid.o
    0x08006e44   0x08006e44   0x00000050   Code   RO          975    i._ZN9Class_PIDC1Ev  main.o
    0x08006e94   0x08006e94   0x00000026   Code   RO         5278    i.__ARM_fpclassifyf  m_wm.l(fpclassifyf.o)
    0x08006eba   0x08006eba   0x00000002   PAD
    0x08006ebc   0x08006ebc   0x00000150   Code   RO         5170    i.__hardfp_cosf     m_wm.l(cosf.o)
    0x0800700c   0x0800700c   0x00000190   Code   RO         5196    i.__hardfp_sinf     m_wm.l(sinf.o)
    0x0800719c   0x0800719c   0x00000006   Code   RO         5281    i.__mathlib_flt_infnan  m_wm.l(funder.o)
    0x080071a2   0x080071a2   0x00000002   PAD
    0x080071a4   0x080071a4   0x00000010   Code   RO         5283    i.__mathlib_flt_invalid  m_wm.l(funder.o)
    0x080071b4   0x080071b4   0x00000010   Code   RO         5286    i.__mathlib_flt_underflow  m_wm.l(funder.o)
    0x080071c4   0x080071c4   0x00000154   Code   RO         5294    i.__mathlib_rredf2  m_wm.l(rredf.o)
    0x08007318   0x08007318   0x00000090   Code   RO          551    i.__sti___8_main_cpp_39eb055b  main.o
    0x080073a8   0x080073a8   0x0000001c   Code   RO         4913    i.calculate_checksum  protocol.o
    0x080073c4   0x080073c4   0x00000154   Code   RO          552    i.main              main.o
    0x08007518   0x08007518   0x0000009c   Code   RO         4564    i.mtf01_decode      mtf01.o
    0x080075b4   0x080075b4   0x0000005c   Code   RO          553    i.on_receive_ActionGroupCmd  main.o
    0x08007610   0x08007610   0x00000002   Code   RO         4915    i.on_receive_ActionGroupFeedback  protocol.o
    0x08007612   0x08007612   0x00000002   Code   RO         4916    i.on_receive_AssemblyStatus  protocol.o
    0x08007614   0x08007614   0x00000084   Code   RO          554    i.on_receive_CmdVel  main.o
    0x08007698   0x08007698   0x00000020   Code   RO          555    i.on_receive_ConfrontClimbCmd  main.o
    0x080076b8   0x080076b8   0x00000002   Code   RO         4919    i.on_receive_GameCmd  protocol.o
    0x080076ba   0x080076ba   0x00000002   Code   RO         4920    i.on_receive_GripperStatus  protocol.o
    0x080076bc   0x080076bc   0x0000001c   Code   RO          556    i.on_receive_Handshake  main.o
    0x080076d8   0x080076d8   0x00000010   Code   RO          557    i.on_receive_Heartbeat  main.o
    0x080076e8   0x080076e8   0x00000002   Code   RO         4923    i.on_receive_MeilinCmd  protocol.o
    0x080076ea   0x080076ea   0x00000002   Code   RO         4924    i.on_receive_R1Signal  protocol.o
    0x080076ec   0x080076ec   0x00000002   Code   RO         4925    i.on_receive_StartButton  protocol.o
    0x080076ee   0x080076ee   0x0000001c   Code   RO          558    i.on_receive_WeaponFlipCmd  main.o
    0x0800770a   0x0800770a   0x00000002   Code   RO         4927    i.on_receive_WheelOdom  protocol.o
    0x0800770c   0x0800770c   0x0000019c   Code   RO         4928    i.protocol_fsm_feed  protocol.o
    0x080078a8   0x080078a8   0x00000036   Code   RO         4936    i.send_Handshake    protocol.o
    0x080078de   0x080078de   0x00000036   Code   RO         4937    i.send_Heartbeat    protocol.o
    0x08007914   0x08007914   0x00000040   Code   RO         4942    i.send_WheelOdom    protocol.o
    0x08007954   0x08007954   0x00000004   Code   RO          559    i.serial_write      main.o
    0x08007958   0x08007958   0x0000002c   Code   RO         5325    locale$$code        c_w.l(lc_ctype_c.o)
    0x08007984   0x08007984   0x00000028   Code   RO         3488    t._Z14Math_ConstrainIfET_PS0_S0_S0_  alg_pid.o
    0x080079ac   0x080079ac   0x00000010   Code   RO         3481    t._Z8Math_AbsIfET_S0_  alg_pid.o
    0x080079bc   0x080079bc   0x0000000a   Code   RO         5329    x$fpl$fpinit        fz_wm.l(fpinit.o)
    0x080079c6   0x080079c6   0x00000000   Code   RO         5277    x$fpl$usenofp       fz_wm.l(usenofp.o)
    0x080079c6   0x080079c6   0x00000010   Data   RO         3236    .constdata          system_stm32f4xx.o
    0x080079d6   0x080079d6   0x00000008   Data   RO         3237    .constdata          system_stm32f4xx.o
    0x080079de   0x080079de   0x00000100   Data   RO         4975    .constdata          protocol.o
    0x08007ade   0x08007ade   0x00000002   PAD
    0x08007ae0   0x08007ae0   0x00000020   Data   RO         5295    .constdata          m_wm.l(rredf.o)
    0x08007b00   0x08007b00   0x00000020   Data   RO         5420    Region$$Table       anon$$obj.o
    0x08007b20   0x08007b20   0x00000110   Data   RO         5324    locale$$data        c_w.l(lc_ctype_c.o)
    0x08007c30   0x08007c30   0x00000004   Data   RO          650    .init_array         main.o
    0x08007c34   0x08007c30   0x00000000   Data   RO         5163    .init_array         c_w.l(init_aeabi.o)


    Execution Region RW_IRAM2 (Exec base: 0x10000000, Load base: 0x08007c48, Size: 0x00000000, Max: 0x00010000, ABSOLUTE)

    **** No section assigned to this execution region ****


    Execution Region RW_IRAM1 (Exec base: 0x20000000, Load base: 0x08007c34, Size: 0x00003100, Max: 0x00030000, ABSOLUTE, COMPRESSED[0x00000014])

    Exec Addr    Load Addr    Size         Type   Attr      Idx    E Section Name        Object

    0x20000000   COMPRESSED   0x00000004   Data   RW          144    .data               can.o
    0x20000004   COMPRESSED   0x0000010c   Data   RW          633    .data               main.o
    0x20000110   COMPRESSED   0x00000001   Data   RW          635    .data               main.o
    0x20000111   COMPRESSED   0x00000003   PAD
    0x20000114   COMPRESSED   0x00000004   Data   RW          636    .data               main.o
    0x20000118   COMPRESSED   0x00000004   Data   RW          637    .data               main.o
    0x2000011c   COMPRESSED   0x00000004   Data   RW          638    .data               main.o
    0x20000120   COMPRESSED   0x00000004   Data   RW          639    .data               main.o
    0x20000124   COMPRESSED   0x00000004   Data   RW          640    .data               main.o
    0x20000128   COMPRESSED   0x00000001   Data   RW          641    .data               main.o
    0x20000129   COMPRESSED   0x00000003   PAD
    0x2000012c   COMPRESSED   0x00000004   Data   RW          642    .data               main.o
    0x20000130   COMPRESSED   0x00000001   Data   RW          644    .data               main.o
    0x20000131   COMPRESSED   0x00000003   PAD
    0x20000134   COMPRESSED   0x00000004   Data   RW          645    .data               main.o
    0x20000138   COMPRESSED   0x00000004   Data   RW          646    .data               main.o
    0x2000013c   COMPRESSED   0x00000004   Data   RW          647    .data               main.o
    0x20000140   COMPRESSED   0x00000001   Data   RW          648    .data               main.o
    0x20000141   COMPRESSED   0x00000001   Data   RW          649    .data               main.o
    0x20000142   COMPRESSED   0x00000002   PAD
    0x20000144   COMPRESSED   0x0000000c   Data   RW         2547    .data               stm32f4xx_hal.o
    0x20000150   COMPRESSED   0x00000004   Data   RW         3238    .data               system_stm32f4xx.o
    0x20000154   COMPRESSED   0x00000028   Data   RW         3652    .data               drv_can.o
    0x2000017c   COMPRESSED   0x00000008   Data   RW         3653    .data               drv_can.o
    0x20000184   COMPRESSED   0x00000008   Data   RW         3656    .data               drv_can.o
    0x2000018c   COMPRESSED   0x00000001   Data   RW         4621    .data               hwt101.o
    0x2000018d   COMPRESSED   0x00000001   PAD
    0x2000018e   COMPRESSED   0x00000006   Data   RW         4976    .data               protocol.o
    0x20000194        -       0x00000050   Zero   RW          143    .bss                can.o
    0x200001e4        -       0x000001f8   Zero   RW          206    .bss                usart.o
    0x200003dc        -       0x00001438   Zero   RW          630    .bss                main.o
    0x20001814        -       0x00000058   Zero   RW         3651    .bss                drv_can.o
    0x2000186c        -       0x00001060   Zero   RW         3827    .bss                drv_uart.o
    0x200028cc        -       0x000000c4   Zero   RW         4568    .bss                mtf01.o
    0x20002990        -       0x0000000b   Zero   RW         4620    .bss                hwt101.o
    0x2000299b        -       0x00000100   Zero   RW         4974    .bss                protocol.o
    0x20002a9b   COMPRESSED   0x00000001   PAD
    0x20002a9c        -       0x00000060   Zero   RW         5298    .bss                c_w.l(libspace.o)
    0x20002afc   COMPRESSED   0x00000004   PAD
    0x20002b00        -       0x00000200   Zero   RW            2    HEAP                startup_stm32f427xx.o
    0x20002d00        -       0x00000400   Zero   RW            1    STACK               startup_stm32f427xx.o


==============================================================================

Image component sizes


      Code (inc. data)   RO Data    RW Data    ZI Data      Debug   Object Name

      2408        378          0          0          0      13529   action_group.o
       574          4          0          0          0       6040   alg_pid.o
       488         44          0          4         80       2730   can.o
      1444        308          0          0          0       6276   distance_control.o
       364         78          0          0          0       8335   drv_bsp.o
       498         50          0         56         88       6277   drv_can.o
       360         64          0          0       4192       2728   drv_uart.o
      1340        118          0          0          0     629502   dvc_motor.o
       216         16          0          0          0     719587   gpio.o
       544        116          0          1         11       3857   hwt101.o
     10778       1258          4        309       5176      65797   main.o
       394         14          0          0        196       5367   mtf01.o
       640         30        256          6        256      11666   protocol.o
        64         26        428          0       1536        840   startup_stm32f427xx.o
       148         24          0         12          0       9081   stm32f4xx_hal.o
      1728          6          0          0          0      13460   stm32f4xx_hal_can.o
       198         14          0          0          0      33915   stm32f4xx_hal_cortex.o
       330          0          0          0          0       3838   stm32f4xx_hal_dma.o
       506         52          0          0          0       2488   stm32f4xx_hal_gpio.o
        48          6          0          0          0       1010   stm32f4xx_hal_msp.o
       116         12          0          0          0       1484   stm32f4xx_hal_pwr_ex.o
      1476         80          0          0          0       6512   stm32f4xx_hal_rcc.o
      2024         30          0          0          0      15534   stm32f4xx_hal_uart.o
       200         90          0          0          0      11157   stm32f4xx_it.o
        16          4         24          4          0       1291   system_stm32f4xx.o
      1040        104          0          0        504       5580   usart.o

    ----------------------------------------------------------------------
     27982       2926        746        404      12040    1587881   Object Totals
         0          0         32          0          0          0   (incl. Generated)
        40          0          2         12          1          0   (incl. Padding)

    ----------------------------------------------------------------------

      Code (inc. data)   RO Data    RW Data    ZI Data      Debug   Library Member Name

        58          0          0          0          0          0   __dczerorl.o
         8          0          0          0          0         68   __main.o
         0          0          0          0          0          0   __rtentry.o
        12          0          0          0          0          0   __rtentry2.o
         6          0          0          0          0          0   __rtentry4.o
        52          8          0          0          0          0   __scatter.o
        28          0          0          0          0          0   __scatter_zi.o
        28          0          0          0          0         68   _chval.o
        22          0          0          0          0        100   _rserrno.o
       158          0          0          0          0         92   _strtoul.o
        18          0          0          0          0         80   exit.o
         6          0          0          0          0        152   heapauxi.o
         0          0          0          0          0          0   indicate_semi.o
        36         10          0          0          0         80   init_aeabi.o
        44         10        272          0          0         76   lc_ctype_c.o
         2          0          0          0          0          0   libinit.o
        28          0          0          0          0          0   libinit2.o
         2          0          0          0          0          0   libshutdown.o
         2          0          0          0          0          0   libshutdown2.o
         8          4          0          0         96         68   libspace.o
       238          0          0          0          0        100   lludivv7m.o
        16          4          0          0          0         76   rt_ctype_table.o
         8          4          0          0          0         68   rt_errno_addr_intlibspace.o
         8          4          0          0          0         68   rt_locale_intlibspace.o
        78          0          0          0          0         80   rt_memclr_w.o
       138          0          0          0          0         68   rt_memcpy_v6.o
       100          0          0          0          0         80   rt_memcpy_w.o
         2          0          0          0          0          0   rtexit.o
        10          0          0          0          0          0   rtexit2.o
       128          0          0          0          0         68   strcmpv7m.o
       150          0          0          0          0         80   strncmp.o
       112          0          0          0          0         88   strtol.o
        12          4          0          0          0         68   sys_exit.o
        74          0          0          0          0         80   sys_stackheap_outer.o
         2          0          0          0          0         68   use_no_semi.o
        10          0          0          0          0        116   fpinit.o
         0          0          0          0          0          0   usenofp.o
       336         56          0          0          0        136   cosf.o
        38          0          0          0          0        116   fpclassifyf.o
        38         12          0          0          0        348   funder.o
       340         24         32          0          0        160   rredf.o
       400         56          0          0          0        212   sinf.o

    ----------------------------------------------------------------------
      2764        196        304          0        100       2864   Library Totals
         8          0          0          0          4          0   (incl. Padding)

    ----------------------------------------------------------------------

      Code (inc. data)   RO Data    RW Data    ZI Data      Debug   Library Name

      1594         48        272          0         96       1776   c_w.l
        10          0          0          0          0        116   fz_wm.l
      1152        148         32          0          0        972   m_wm.l

    ----------------------------------------------------------------------
      2764        196        304          0        100       2864   Library Totals

    ----------------------------------------------------------------------

==============================================================================


      Code (inc. data)   RO Data    RW Data    ZI Data      Debug   

     30746       3122       1050        404      12140    1564509   Grand Totals
     30746       3122       1050         20      12140    1564509   ELF Image Totals (compressed)
     30746       3122       1050         20          0          0   ROM Totals

==============================================================================

    Total RO  Size (Code + RO Data)                31796 (  31.05kB)
    Total RW  Size (RW Data + ZI Data)             12544 (  12.25kB)
    Total ROM Size (Code + RO Data + RW Data)      31816 (  31.07kB)

==============================================================================

